2025-08-01 09:23:24.661  2154-2760  MIUIInput               system_server                        D  [MotionEvent] publisher action=0x0, 1262252645, channel '37e945b com.futurpals.flutter_jl_ota_example/com.futurpals.flutter_jl_ota_example.MainActivity (server)'
2025-08-01 09:23:24.710  2154-2760  MIUIInput               system_server                        D  [MotionEvent] publisher action=0x1, 1262252697, channel '37e945b com.futurpals.flutter_jl_ota_example/com.futurpals.flutter_jl_ota_example.MainActivity (server)'
2025-08-01 09:23:24.716 29904-29904 flutter                 com...urpals.flutter_jl_ota_example  I  flutter_ota_log => startOta 执行了
2025-08-01 09:23:24.754 29904-29904 flutter                 com...urpals.flutter_jl_ota_example  I  该文件bytes大小为 1690560
2025-08-01 09:23:24.758 29904-29904 BluetoothA2dp           com...urpals.flutter_jl_ota_example  D  Binding service...
2025-08-01 09:23:24.765 29904-29904 BluetoothHeadset        com...urpals.flutter_jl_ota_example  D  Binding service...
2025-08-01 09:23:24.769 29904-29904 ota:OtaManager          com...urpals.flutter_jl_ota_example  I  [init] >>> Lib version name = 1.10.0(10931)
2025-08-01 09:23:24.772 29904-29904 ota:OtaManager          com...urpals.flutter_jl_ota_example  D  [onInitResult] >>> result : true
2025-08-01 09:23:24.773 29904-29904 BleManager              com...urpals.flutter_jl_ota_example  E  mBluetoothLeScanner==android.bluetooth.le.BluetoothLeScanner@b1240a7
2025-08-01 09:23:24.773 29904-29904 BleManager              com...urpals.flutter_jl_ota_example  E  registerReceiver
2025-08-01 09:23:24.775 29904-29904 OtaManager              com...urpals.flutter_jl_ota_example  D  Initialized with mac: 38:91:65:21:3A:31, deviceName: 
2025-08-01 09:23:24.775 29904-29904 startLeScan             com...urpals.flutter_jl_ota_example  E  null == mBluetoothAdapter
2025-08-01 09:23:24.775 29904-29904 startLeScan             com...urpals.flutter_jl_ota_example  E  isBluetooth disEnable
2025-08-01 09:23:24.781 29904-29904 startLeScan             com...urpals.flutter_jl_ota_example  E  No connected BLE devices found.
2025-08-01 09:23:24.781 29904-29904 BluetoothAdapter        com...urpals.flutter_jl_ota_example  D  isLeEnabled(): ON
2025-08-01 09:23:24.787 29904-29921 BluetoothLeScanner      com...urpals.flutter_jl_ota_example  D  onScannerRegistered() - status=0 scannerId=10 mScannerId=0
2025-08-01 09:23:24.787  4281-4469  BtGatt.GattService      com.android.bluetooth                D  start scan with filters. callingPackage: com.futurpals.flutter_jl_ota_example
2025-08-01 09:23:24.795  2154-2926  AppOps                  system_server                        E  Bad call made by uid 1002. Package "com.futurpals.flutter_jl_ota_example" does not belong to uid 1002.
2025-08-01 09:23:24.799  4281-4408  BtGatt.ScanManager      com.android.bluetooth                D  track LE scan event: callerPackage = [com.futurpals.flutter_jl_ota_example], scanMode = [1], reportDelayMillis = [0], behavior = [1], scannerId = [10], duration = [0]
2025-08-01 09:23:24.799 29904-29904 startLeScan             com...urpals.flutter_jl_ota_example  E  mDiscoveredBleDevices +[]
2025-08-01 09:23:24.800 29904-29904 ota:startLeScan         com...urpals.flutter_jl_ota_example  I  startLeScan : true, timeout = 20000
2025-08-01 09:23:24.813 29904-29904 OtaManager              com...urpals.flutter_jl_ota_example  D  Started BLE scan with timeout: 20000ms
2025-08-01 09:23:24.814 29904-29904 ota:OtaManager          com...urpals.flutter_jl_ota_example  D  [configure] >>> BluetoothOTAConfigure{priority=0, isUseReconnect=true, isUseAuthDevice=true, bleIntervalMs=500, timeoutMs=3000, isUseJLServer=false, firmwareFilePath='', scanFilterData='null', mtu=500, isNeedChangeMtu=false, bleScanMode=0, firmwareFileData= 0, snGenerator=null, isPriorityCallbackOtaFinish=false}
2025-08-01 09:23:24.817 29904-29904 FlutterJlOtaPlugin      com...urpals.flutter_jl_ota_example  D  OtaManager initialized with mac: 38:91:65:21:3A:31
2025-08-01 09:23:24.819 29904-29904 BluetoothA2dp           com...urpals.flutter_jl_ota_example  D  Proxy object connected
2025-08-01 09:23:24.820 29904-29904 ota:OtaManager          com...urpals.flutter_jl_ota_example  I  [onServiceConnected] >>> profile : 2
2025-08-01 09:23:24.870 29904-29921 BluetoothHeadset        com...urpals.flutter_jl_ota_example  D  Proxy object connected
2025-08-01 09:23:24.872 29904-29904 ota:OtaManager          com...urpals.flutter_jl_ota_example  I  [onServiceConnected] >>> profile : 1
2025-08-01 09:23:24.941 29904-29904 ota:BleManager          com...urpals.flutter_jl_ota_example  D  notify device : name : EDIFIER BLE ,type : 2 ,address : 60:CB:01:0D:8E:9E
2025-08-01 09:23:24.980 29904-29904 ota:BleManager          com...urpals.flutter_jl_ota_example  D  notify device : name : BF_AT-2_3891 ,type : 2 ,address : 38:91:65:21:3A:31
2025-08-01 09:23:24.981 29904-29904 filterDevice            com...urpals.flutter_jl_ota_example  E  发现指定设备，进行连接！
2025-08-01 09:23:24.981 29904-29904 BleManager              com...urpals.flutter_jl_ota_example  E  重连 1
2025-08-01 09:23:24.981 29904-29904 BleManager              com...urpals.flutter_jl_ota_example  E  重连 2
2025-08-01 09:23:24.981 29904-29904 BleManager              com...urpals.flutter_jl_ota_example  E  重连 3
2025-08-01 09:23:24.981 29904-29904 BleManager              com...urpals.flutter_jl_ota_example  E  重连 4
2025-08-01 09:23:24.981 29904-29904 BluetoothAdapter        com...urpals.flutter_jl_ota_example  D  isLeEnabled(): ON
2025-08-01 09:23:24.983  4281-4408  BtGatt.ScanManager      com.android.bluetooth                D  track LE scan event: callerPackage = [com.futurpals.flutter_jl_ota_example], scanMode = [1], reportDelayMillis = [0], behavior = [2], scannerId = [10], duration = [185]
2025-08-01 09:23:24.986 29904-29904 BleManager              com...urpals.flutter_jl_ota_example  E  重连 5
2025-08-01 09:23:24.987 29904-29904 BluetoothGatt           com...urpals.flutter_jl_ota_example  D  connect() - device: 38:91:65:21:3A:31, auto: false, eattSupport: false
2025-08-01 09:23:24.987 29904-29904 BluetoothGatt           com...urpals.flutter_jl_ota_example  D  registerApp()
2025-08-01 09:23:24.987 29904-29904 BluetoothGatt           com...urpals.flutter_jl_ota_example  D  registerApp() - UUID=dbdca289-403a-48ef-800d-ca35633b9f9f
2025-08-01 09:23:24.989 29904-29904 BleManager              com...urpals.flutter_jl_ota_example  E  gatt ==android.bluetooth.BluetoothGatt@b45bfc6
2025-08-01 09:23:24.989 29904-29904 BleManager              com...urpals.flutter_jl_ota_example  E  重连 6
2025-08-01 09:23:24.989 29904-29904 ota:BleManager          com...urpals.flutter_jl_ota_example  I  handleBleConnection >> device : 38:91:65:21:3A:31, status : 1
2025-08-01 09:23:24.990 29904-29904 ota:OtaManager          com...urpals.flutter_jl_ota_example  D  onBleConnection - device: 38:91:65:21:3A:31, status: 3
2025-08-01 09:23:24.994 29904-29904 ota:OtaManager          com...urpals.flutter_jl_ota_example  I  [onBtDeviceConnection] >>> device : name : BF_AT-2_3891 ,type : 2 ,address : 38:91:65:21:3A:31, CONNECTION_CONNECTING(3)
2025-08-01 09:23:24.995 29904-29904 OtaManager              com...urpals.flutter_jl_ota_example  D  getConnectedDevice: null
2025-08-01 09:23:24.998 29904-29904 ota:OtaManager          com...urpals.flutter_jl_ota_example  I  [notifyConnectionStatus] >>> device : name : BF_AT-2_3891 ,type : 2 ,address : 38:91:65:21:3A:31, status : CONNECTION_CONNECTING(3)
2025-08-01 09:23:25.002 29904-29904 ota:BleManager          com...urpals.flutter_jl_ota_example  D  connect start....name : BF_AT-2_3891 ,type : 2 ,address : 38:91:65:21:3A:31
2025-08-01 09:23:25.003 29904-29904 BleManager              com...urpals.flutter_jl_ota_example  E  重连 1
2025-08-01 09:23:25.003 29904-29904 BleManager              com...urpals.flutter_jl_ota_example  E  重连 2
2025-08-01 09:23:25.004 29904-29904 BleManager              com...urpals.flutter_jl_ota_example  E  重连 3
2025-08-01 09:23:25.004 29904-29904 ota:BleManager          com...urpals.flutter_jl_ota_example  E  BleDevice is connecting, please wait.
2025-08-01 09:23:25.056 29904-30053 BluetoothGatt           com...urpals.flutter_jl_ota_example  D  onClientRegistered() - status=0 clientIf=10
2025-08-01 09:23:25.277  4281-4336  BtGatt.GattService      com.android.bluetooth                D  bleAppName = com.futurpals.flutter_jl_ota_example#
2025-08-01 09:23:25.278 29904-30053 BluetoothGatt           com...urpals.flutter_jl_ota_example  D  onClientConnectionState() - status=0 clientIf=10 device=38:91:65:21:3A:31
2025-08-01 09:23:25.287 29904-30053 ota:BleManager          com...urpals.flutter_jl_ota_example  I  onConnectionStateChange : device : BF_AT-2_3891, status = 0, newState = 2.
2025-08-01 09:23:25.289 29904-30053 BleManager              com...urpals.flutter_jl_ota_example  E  连接成功!!!!!!!!!!!!
2025-08-01 09:23:25.289 29904-30053 BluetoothGatt           com...urpals.flutter_jl_ota_example  D  discoverServices() - device: 38:91:65:21:3A:31
2025-08-01 09:23:25.293 29904-30053 ota:BleManager          com...urpals.flutter_jl_ota_example  D  onConnectionStateChange >> discoverServices : true
2025-08-01 09:23:25.294 29904-29904 ota:BleManager          com...urpals.flutter_jl_ota_example  I  BaseBtAdapterReceiver: ACTION_ACL_CONNECTED, device : name : BF_AT-2_3891 ,type : 2 ,address : 38:91:65:21:3A:31
2025-08-01 09:23:25.297 29904-30053 ota:BleManager          com...urpals.flutter_jl_ota_example  I  putConnectedGattInMap >>>>>>>>>>>>> start
2025-08-01 09:23:25.301 29904-30053 ota:BleManager          com...urpals.flutter_jl_ota_example  D  putConnectedGattInMap >>>>>>>>>>>>> 38:91:65:21:3A:31
2025-08-01 09:23:25.303 29904-30053 ota:BleManager          com...urpals.flutter_jl_ota_example  I  putConnectedGattInMap >>>>>>>>>>>>> end
2025-08-01 09:23:25.305  7306-8070  BluetoothEvent          com.miui.powerkeeper                 D  onChange ls=com.futurpals.flutter_jl_ota_example# uids:[10384]
2025-08-01 09:23:25.562 29904-30053 BluetoothGatt           com...urpals.flutter_jl_ota_example  D  onConnectionUpdated() - Device=38:91:65:21:3A:31 interval=6 latency=0 timeout=500 status=0
2025-08-01 09:23:25.563 29904-30053 ota:BleManager          com...urpals.flutter_jl_ota_example  E  onConnectionUpdated >>> device : 38:91:65:21:3A:31, interval : 6, latency : 0, timeout : 500, status : 0
2025-08-01 09:23:25.821 29904-30053 BluetoothGatt           com...urpals.flutter_jl_ota_example  D  onSearchComplete() = Device=38:91:65:21:3A:31 Status=0
2025-08-01 09:23:25.835 29904-30053 ota:ble                 com...urpals.flutter_jl_ota_example  D  [[============================Bluetooth[name : BF_AT-2_3891 ,type : 2 ,address : 38:91:65:21:3A:31], Discovery Services status[0]=================================]]
2025-08-01 09:23:25.841 29904-30053 ota:ble                 com...urpals.flutter_jl_ota_example  D  [[======Service Size:4======================
2025-08-01 09:23:25.845 29904-30053 ota:ble                 com...urpals.flutter_jl_ota_example  D  [[======Service:00001800-0000-1000-8000-00805f9b34fb======================
2025-08-01 09:23:25.849 29904-30053 ota:ble                 com...urpals.flutter_jl_ota_example  D  [[[[=============characteristics Size:1======================
2025-08-01 09:23:25.853 29904-30053 ota:ble                 com...urpals.flutter_jl_ota_example  D  [[[[=============characteristic:00002a00-0000-1000-8000-00805f9b34fb,write type : 2======================
2025-08-01 09:23:25.855 29904-30053 ota:ble                 com...urpals.flutter_jl_ota_example  D  [[[[[[=============descriptors Size:0======================
2025-08-01 09:23:25.858 29904-30053 ota:ble                 com...urpals.flutter_jl_ota_example  D  [[======Service:0000ae60-0000-1000-8000-00805f9b34fb======================
2025-08-01 09:23:25.861 29904-30053 ota:ble                 com...urpals.flutter_jl_ota_example  D  [[[[=============characteristics Size:6======================
2025-08-01 09:23:25.864 29904-30053 ota:ble                 com...urpals.flutter_jl_ota_example  D  [[[[=============characteristic:0000ae01-0000-1000-8000-00805f9b34fb,write type : 1======================
2025-08-01 09:23:25.867 29904-30053 ota:ble                 com...urpals.flutter_jl_ota_example  D  [[[[[[=============descriptors Size:0======================
2025-08-01 09:23:25.870 29904-30053 ota:ble                 com...urpals.flutter_jl_ota_example  D  [[[[=============characteristic:0000ae02-0000-1000-8000-00805f9b34fb,write type : 2======================
2025-08-01 09:23:25.872 29904-30053 ota:ble                 com...urpals.flutter_jl_ota_example  D  [[[[[[=============descriptors Size:1======================
2025-08-01 09:23:25.875 29904-30053 ota:ble                 com...urpals.flutter_jl_ota_example  D  [[[[[[=============descriptor:00002902-0000-1000-8000-00805f9b34fb,permission:0
                                                                                                    value : ======================
2025-08-01 09:23:25.877 29904-30053 ota:ble                 com...urpals.flutter_jl_ota_example  D  [[[[=============characteristic:0000ae03-0000-1000-8000-00805f9b34fb,write type : 1======================
2025-08-01 09:23:25.879 29904-30053 ota:ble                 com...urpals.flutter_jl_ota_example  D  [[[[[[=============descriptors Size:0======================
2025-08-01 09:23:25.882 29904-30053 ota:ble                 com...urpals.flutter_jl_ota_example  D  [[[[=============characteristic:0000ae04-0000-1000-8000-00805f9b34fb,write type : 2======================
2025-08-01 09:23:25.884 29904-30053 ota:ble                 com...urpals.flutter_jl_ota_example  D  [[[[[[=============descriptors Size:1======================
2025-08-01 09:23:25.887 29904-30053 ota:ble                 com...urpals.flutter_jl_ota_example  D  [[[[[[=============descriptor:00002902-0000-1000-8000-00805f9b34fb,permission:0
                                                                                                    value : ======================
2025-08-01 09:23:25.889 29904-30053 ota:ble                 com...urpals.flutter_jl_ota_example  D  [[[[=============characteristic:0000ae05-0000-1000-8000-00805f9b34fb,write type : 2======================
2025-08-01 09:23:25.890 29904-30053 ota:ble                 com...urpals.flutter_jl_ota_example  D  [[[[[[=============descriptors Size:1======================
2025-08-01 09:23:25.892 29904-30053 ota:ble                 com...urpals.flutter_jl_ota_example  D  [[[[[[=============descriptor:00002902-0000-1000-8000-00805f9b34fb,permission:0
                                                                                                    value : ======================
2025-08-01 09:23:25.893 29904-30053 ota:ble                 com...urpals.flutter_jl_ota_example  D  [[[[=============characteristic:0000ae10-0000-1000-8000-00805f9b34fb,write type : 2======================
2025-08-01 09:23:25.894 29904-30053 ota:ble                 com...urpals.flutter_jl_ota_example  D  [[[[[[=============descriptors Size:0======================
2025-08-01 09:23:25.896 29904-30053 ota:ble                 com...urpals.flutter_jl_ota_example  D  [[======Service:0000ae6a-0000-1000-8000-00805f9b34fb======================
2025-08-01 09:23:25.897 29904-30053 ota:ble                 com...urpals.flutter_jl_ota_example  D  [[[[=============characteristics Size:2======================
2025-08-01 09:23:25.898 29904-30053 ota:ble                 com...urpals.flutter_jl_ota_example  D  [[[[=============characteristic:0000ae3b-0000-1000-8000-00805f9b34fb,write type : 1======================
2025-08-01 09:23:25.900 29904-30053 ota:ble                 com...urpals.flutter_jl_ota_example  D  [[[[[[=============descriptors Size:0======================
2025-08-01 09:23:25.901 29904-30053 ota:ble                 com...urpals.flutter_jl_ota_example  D  [[[[=============characteristic:0000ae3c-0000-1000-8000-00805f9b34fb,write type : 2======================
2025-08-01 09:23:25.903 29904-30053 ota:ble                 com...urpals.flutter_jl_ota_example  D  [[[[[[=============descriptors Size:1======================
2025-08-01 09:23:25.904 29904-30053 ota:ble                 com...urpals.flutter_jl_ota_example  D  [[[[[[=============descriptor:00002902-0000-1000-8000-00805f9b34fb,permission:0
                                                                                                    value : ======================
2025-08-01 09:23:25.906 29904-30053 ota:ble                 com...urpals.flutter_jl_ota_example  D  [[======Service:0000ae00-0000-1000-8000-00805f9b34fb======================
2025-08-01 09:23:25.907 29904-30053 ota:ble                 com...urpals.flutter_jl_ota_example  D  [[[[=============characteristics Size:2======================
2025-08-01 09:23:25.908 29904-30053 ota:ble                 com...urpals.flutter_jl_ota_example  D  [[[[=============characteristic:0000ae01-0000-1000-8000-00805f9b34fb,write type : 1======================
2025-08-01 09:23:25.909 29904-30053 ota:ble                 com...urpals.flutter_jl_ota_example  D  [[[[[[=============descriptors Size:0======================
2025-08-01 09:23:25.911 29904-30053 ota:ble                 com...urpals.flutter_jl_ota_example  D  [[[[=============characteristic:0000ae02-0000-1000-8000-00805f9b34fb,write type : 2======================
2025-08-01 09:23:25.912 29904-30053 ota:ble                 com...urpals.flutter_jl_ota_example  D  [[[[[[=============descriptors Size:1======================
2025-08-01 09:23:25.913 29904-30053 ota:ble                 com...urpals.flutter_jl_ota_example  D  [[[[[[=============descriptor:00002902-0000-1000-8000-00805f9b34fb,permission:0
                                                                                                    value : ======================
2025-08-01 09:23:25.922 29904-30053 ota:ble                 com...urpals.flutter_jl_ota_example  D  [[============================Bluetooth[name : BF_AT-2_3891 ,type : 2 ,address : 38:91:65:21:3A:31] Services show End=================================]]
2025-08-01 09:23:25.927 29904-30053 BleManager              com...urpals.flutter_jl_ota_example  E  onServicesDiscovered type = 2
2025-08-01 09:23:25.927 29904-30053 ota:BleManager          com...urpals.flutter_jl_ota_example  I  start NotifyCharacteristicRunnable...
2025-08-01 09:23:25.929 29904-30053 ota:BleManager          com...urpals.flutter_jl_ota_example  I  onServicesDiscovered : true
2025-08-01 09:23:25.930 29904-29904 BluetoothGatt           com...urpals.flutter_jl_ota_example  D  setCharacteristicNotification() - uuid: 0000ae02-0000-1000-8000-00805f9b34fb enable: true
2025-08-01 09:23:25.931 29904-30053 BluetoothGatt           com...urpals.flutter_jl_ota_example  D  onConnectionUpdated() - Device=38:91:65:21:3A:31 interval=24 latency=0 timeout=500 status=0
2025-08-01 09:23:25.931 29904-30053 ota:BleManager          com...urpals.flutter_jl_ota_example  E  onConnectionUpdated >>> device : 38:91:65:21:3A:31, interval : 24, latency : 0, timeout : 500, status : 0
2025-08-01 09:23:25.936 29904-29904 ota:BleManager          com...urpals.flutter_jl_ota_example  I  ..descriptor : .setValue  ret : true
2025-08-01 09:23:25.948 29904-29904 ota:BleManager          com...urpals.flutter_jl_ota_example  I  ..bluetoothGatt : .writeDescriptor  ret : true
2025-08-01 09:23:25.955 29904-29904 ota:BleManager          com...urpals.flutter_jl_ota_example  W  enableBLEDeviceNotification ret : true, serviceUUID : 0000ae00-0000-1000-8000-00805f9b34fb, characteristicUUID : 0000ae02-0000-1000-8000-00805f9b34fb
2025-08-01 09:23:25.963 29904-29904 ota:BleManager          com...urpals.flutter_jl_ota_example  W  enableBLEDeviceNotification ===> true, service uuid = 0000ae00-0000-1000-8000-00805f9b34fb, characteristic uuid = 0000ae02-0000-1000-8000-00805f9b34fb
2025-08-01 09:23:26.009 29904-30053 BleManager              com...urpals.flutter_jl_ota_example  E  onDescriptorWrite gatt=android.bluetooth.BluetoothGatt@b45bfc6,descriptor==android.bluetooth.BluetoothGattDescriptor@20dab4,status==0
2025-08-01 09:23:26.009 29904-30053 BleManager              com...urpals.flutter_jl_ota_example  E  onDescriptorWrite 1
2025-08-01 09:23:26.009 29904-30053 BleManager              com...urpals.flutter_jl_ota_example  E  onDescriptorWrite 2
2025-08-01 09:23:26.009 29904-30053 BleManager              com...urpals.flutter_jl_ota_example  E  onDescriptorWrite 3
2025-08-01 09:23:26.020 29904-30053 ota:BleManager          com...urpals.flutter_jl_ota_example  I  onDescriptorWrite : device : name : BF_AT-2_3891 ,type : 2 ,address : 38:91:65:21:3A:31, serviceUuid = 0000ae00-0000-1000-8000-00805f9b34fb, characteristicUuid = 0000ae02-0000-1000-8000-00805f9b34fb, descriptor = 00002902-0000-1000-8000-00805f9b34fb, status = 0
2025-08-01 09:23:26.023 29904-30053 BluetoothGatt           com...urpals.flutter_jl_ota_example  D  configureMTU() - device: 38:91:65:21:3A:31 mtu: 512
2025-08-01 09:23:26.027 29904-30053 ota:BleManager          com...urpals.flutter_jl_ota_example  D  -startChangeMtu- ret = true
2025-08-01 09:23:26.030 29904-30053 BleManager              com...urpals.flutter_jl_ota_example  E  run handleBleConnectedEvent 2
2025-08-01 09:23:26.071 29904-30053 BluetoothGatt           com...urpals.flutter_jl_ota_example  D  onConfigureMTU() - Device=38:91:65:21:3A:31 mtu=512 status=0
2025-08-01 09:23:26.086 29904-30053 ota:BleManager          com...urpals.flutter_jl_ota_example  D  onMtuChanged : device : name : BF_AT-2_3891 ,type : 2 ,address : 38:91:65:21:3A:31, mtu = 512, status = 0
2025-08-01 09:23:26.093 29904-30053 ota:BleManager          com...urpals.flutter_jl_ota_example  I  -onMtuChanged- handleBleConnectedEvent
2025-08-01 09:23:26.093 29904-29904 OtaManager              com...urpals.flutter_jl_ota_example  D  onBleDataBlockChanged - device: 38:91:65:21:3A:31, block: 512, status: 0
2025-08-01 09:23:26.093 29904-29904 OtaManager              com...urpals.flutter_jl_ota_example  D  getConnectedDevice: 38:91:65:21:3A:31
2025-08-01 09:23:26.093 29904-29904 OtaManager              com...urpals.flutter_jl_ota_example  D  getConnectedBluetoothGatt: available
2025-08-01 09:23:26.094 29904-29904 ota:OtaManager          com...urpals.flutter_jl_ota_example  E  [onMtuChanged] >>> bleMtu : 509
2025-08-01 09:23:26.097 29904-30053 BleManager              com...urpals.flutter_jl_ota_example  E  run handleBleConnectedEvent 3
2025-08-01 09:23:26.100 29904-30053 ota:BleManager          com...urpals.flutter_jl_ota_example  I  handleBleConnection >> device : 38:91:65:21:3A:31, status : 2
2025-08-01 09:23:26.101 29904-31837 ota:SendBleDataThread   com...urpals.flutter_jl_ota_example  D  send ble data thread is started.
2025-08-01 09:23:26.111 29904-31837 ota:SendBleDataThread   com...urpals.flutter_jl_ota_example  D  queue is empty, so waiting for data
2025-08-01 09:23:26.117 29904-29904 ota:OtaManager          com...urpals.flutter_jl_ota_example  I  [onBleDataBlockChanged] >>> device : name : BF_AT-2_3891 ,type : 2 ,address : 38:91:65:21:3A:31, block : 509, status : 0
2025-08-01 09:23:26.121 29904-29904 ota:OtaManager          com...urpals.flutter_jl_ota_example  D  onBleConnection - device: 38:91:65:21:3A:31, status: 1
2025-08-01 09:23:26.131 29904-29904 ota:OtaManager          com...urpals.flutter_jl_ota_example  I  [onBtDeviceConnection] >>> device : name : BF_AT-2_3891 ,type : 2 ,address : 38:91:65:21:3A:31, CONNECTION_OK(1)
2025-08-01 09:23:26.143 29904-29904 ota:RcspAuth            com...urpals.flutter_jl_ota_example  I  [startAuth] >>> device = name : BF_AT-2_3891 ,type : 2 ,address : 38:91:65:21:3A:31
2025-08-01 09:23:26.146 29904-29904 ota:SendBleDataThread   com...urpals.flutter_jl_ota_example  D  addSendTask : 503
2025-08-01 09:23:26.152 29904-31837 ota:BleManager          com...urpals.flutter_jl_ota_example  D  [writeDataByBle] >>> true, data = 0050AE1ACD30727D901F0E5E7B6E07D5DA
2025-08-01 09:23:26.156 29904-29904 ota:RcspAuth            com...urpals.flutter_jl_ota_example  I  [sendAuthDataToDevice] >>> device : name : BF_AT-2_3891 ,type : 2 ,address : 38:91:65:21:3A:31, authData : 0050AE1ACD30727D901F0E5E7B6E07D5DA
2025-08-01 09:23:26.158 29904-29904 OtaManager              com...urpals.flutter_jl_ota_example  D  OTA canStart updated: true
2025-08-01 09:23:26.160 29904-30053 ota:BleManager          com...urpals.flutter_jl_ota_example  D  onCharacteristicWrite : device : name : BF_AT-2_3891 ,type : 2 ,address : 38:91:65:21:3A:31, serviceUuid = 0000ae00-0000-1000-8000-00805f9b34fb, characteristicUuid = 0000ae01-0000-1000-8000-00805f9b34fb, status = 0, 
                                                                                                    data : [0050AE1ACD30727D901F0E5E7B6E07D5DA]
2025-08-01 09:23:26.163 29904-31837 ota:SendBleDataThread   com...urpals.flutter_jl_ota_example  D  data send ret :0
2025-08-01 09:23:26.165 29904-31837 OtaManager              com...urpals.flutter_jl_ota_example  D  sendDataToDevice result - device: 38:91:65:21:3A:31, success: true
2025-08-01 09:23:26.165 29904-31837 ota:SendBleDataThread   com...urpals.flutter_jl_ota_example  D  queue is empty, so waiting for data
2025-08-01 09:23:26.203 29904-30053 ota:BleManager          com...urpals.flutter_jl_ota_example  D  onCharacteristicChanged : deice : name : BF_AT-2_3891 ,type : 2 ,address : 38:91:65:21:3A:31, serviceUuid = 0000ae00-0000-1000-8000-00805f9b34fb, characteristicUuid = 0000ae02-0000-1000-8000-00805f9b34fb, 
                                                                                                    data : [0116E56D83EA222FF0675ADE6F44163348]
2025-08-01 09:23:26.206 29904-29904 OtaManager              com...urpals.flutter_jl_ota_example  D  onBleDataNotification - device: 38:91:65:21:3A:31, data length: 17
2025-08-01 09:23:26.214 29904-29904 ota:OtaManager          com...urpals.flutter_jl_ota_example  D  [onReceiveDeviceData] >>> device : name : BF_AT-2_3891 ,type : 2 ,address : 38:91:65:21:3A:31, recv data : 0116E56D83EA222FF0675ADE6F44163348
2025-08-01 09:23:26.217 29904-29904 ota:OtaManager          com...urpals.flutter_jl_ota_example  I  [onReceiveDeviceData] >>> handleAuthData 
2025-08-01 09:23:26.227 29904-29904 ota:RcspAuth            com...urpals.flutter_jl_ota_example  D  [handleAuthData] >>> device : name : BF_AT-2_3891 ,type : 2 ,address : 38:91:65:21:3A:31, data : 0116E56D83EA222FF0675ADE6F44163348
2025-08-01 09:23:26.230 29904-29904 ota:SendBleDataThread   com...urpals.flutter_jl_ota_example  D  addSendTask : 503
2025-08-01 09:23:26.238 29904-31837 ota:BleManager          com...urpals.flutter_jl_ota_example  D  [writeDataByBle] >>> true, data = 0270617373
2025-08-01 09:23:26.249 29904-29904 ota:RcspAuth            com...urpals.flutter_jl_ota_example  I  [sendAuthDataToDevice] >>> device : name : BF_AT-2_3891 ,type : 2 ,address : 38:91:65:21:3A:31, authData : 0270617373
2025-08-01 09:23:26.259 29904-30053 ota:BleManager          com...urpals.flutter_jl_ota_example  D  onCharacteristicWrite : device : name : BF_AT-2_3891 ,type : 2 ,address : 38:91:65:21:3A:31, serviceUuid = 0000ae00-0000-1000-8000-00805f9b34fb, characteristicUuid = 0000ae01-0000-1000-8000-00805f9b34fb, status = 0, 
                                                                                                    data : [0270617373]
2025-08-01 09:23:26.266 29904-31837 ota:SendBleDataThread   com...urpals.flutter_jl_ota_example  D  data send ret :0
2025-08-01 09:23:26.269 29904-31837 OtaManager              com...urpals.flutter_jl_ota_example  D  sendDataToDevice result - device: 38:91:65:21:3A:31, success: true
2025-08-01 09:23:26.269 29904-31837 ota:SendBleDataThread   com...urpals.flutter_jl_ota_example  D  queue is empty, so waiting for data
2025-08-01 09:23:26.290 29904-30053 ota:BleManager          com...urpals.flutter_jl_ota_example  D  onCharacteristicChanged : deice : name : BF_AT-2_3891 ,type : 2 ,address : 38:91:65:21:3A:31, serviceUuid = 0000ae00-0000-1000-8000-00805f9b34fb, characteristicUuid = 0000ae02-0000-1000-8000-00805f9b34fb, 
                                                                                                    data : [0045BEBDA97AC274AF863251B45BFF4CB5]
2025-08-01 09:23:26.294 29904-29904 OtaManager              com...urpals.flutter_jl_ota_example  D  onBleDataNotification - device: 38:91:65:21:3A:31, data length: 17
2025-08-01 09:23:26.300 29904-29904 ota:OtaManager          com...urpals.flutter_jl_ota_example  D  [onReceiveDeviceData] >>> device : name : BF_AT-2_3891 ,type : 2 ,address : 38:91:65:21:3A:31, recv data : 0045BEBDA97AC274AF863251B45BFF4CB5
2025-08-01 09:23:26.304 29904-29904 ota:OtaManager          com...urpals.flutter_jl_ota_example  I  [onReceiveDeviceData] >>> handleAuthData 
2025-08-01 09:23:26.308 29904-30053 BluetoothGatt           com...urpals.flutter_jl_ota_example  D  onConnectionUpdated() - Device=38:91:65:21:3A:31 interval=16 latency=0 timeout=300 status=0
2025-08-01 09:23:26.308 29904-30053 ota:BleManager          com...urpals.flutter_jl_ota_example  E  onConnectionUpdated >>> device : 38:91:65:21:3A:31, interval : 16, latency : 0, timeout : 300, status : 0
2025-08-01 09:23:26.314 29904-29904 ota:RcspAuth            com...urpals.flutter_jl_ota_example  D  [handleAuthData] >>> device : name : BF_AT-2_3891 ,type : 2 ,address : 38:91:65:21:3A:31, data : 0045BEBDA97AC274AF863251B45BFF4CB5
2025-08-01 09:23:26.318 29904-29904 ota:RcspAuth            com...urpals.flutter_jl_ota_example  I  [handleAuthData] >>> devAuthData : 010B87DAE02CA257EBAA801F26BB633F04
2025-08-01 09:23:26.321 29904-29904 ota:SendBleDataThread   com...urpals.flutter_jl_ota_example  D  addSendTask : 503
2025-08-01 09:23:26.328 29904-31837 ota:BleManager          com...urpals.flutter_jl_ota_example  D  [writeDataByBle] >>> true, data = 010B87DAE02CA257EBAA801F26BB633F04
2025-08-01 09:23:26.332 29904-29904 ota:RcspAuth            com...urpals.flutter_jl_ota_example  I  [sendAuthDataToDevice] >>> device : name : BF_AT-2_3891 ,type : 2 ,address : 38:91:65:21:3A:31, authData : 010B87DAE02CA257EBAA801F26BB633F04
2025-08-01 09:23:26.337 29904-29922 ota:BleManager          com...urpals.flutter_jl_ota_example  D  onCharacteristicWrite : device : name : BF_AT-2_3891 ,type : 2 ,address : 38:91:65:21:3A:31, serviceUuid = 0000ae00-0000-1000-8000-00805f9b34fb, characteristicUuid = 0000ae01-0000-1000-8000-00805f9b34fb, status = 0, 
                                                                                                    data : [010B87DAE02CA257EBAA801F26BB633F04]
2025-08-01 09:23:26.339 29904-31837 ota:SendBleDataThread   com...urpals.flutter_jl_ota_example  D  data send ret :0
2025-08-01 09:23:26.342 29904-31837 OtaManager              com...urpals.flutter_jl_ota_example  D  sendDataToDevice result - device: 38:91:65:21:3A:31, success: true
2025-08-01 09:23:26.342 29904-31837 ota:SendBleDataThread   com...urpals.flutter_jl_ota_example  D  queue is empty, so waiting for data
2025-08-01 09:23:26.393 29904-29922 ota:BleManager          com...urpals.flutter_jl_ota_example  D  onCharacteristicChanged : deice : name : BF_AT-2_3891 ,type : 2 ,address : 38:91:65:21:3A:31, serviceUuid = 0000ae00-0000-1000-8000-00805f9b34fb, characteristicUuid = 0000ae02-0000-1000-8000-00805f9b34fb, 
                                                                                                    data : [0270617373]
2025-08-01 09:23:26.402 29904-29904 OtaManager              com...urpals.flutter_jl_ota_example  D  onBleDataNotification - device: 38:91:65:21:3A:31, data length: 5
2025-08-01 09:23:26.413 29904-29904 ota:OtaManager          com...urpals.flutter_jl_ota_example  D  [onReceiveDeviceData] >>> device : name : BF_AT-2_3891 ,type : 2 ,address : 38:91:65:21:3A:31, recv data : 0270617373
2025-08-01 09:23:26.418 29904-29904 ota:OtaManager          com...urpals.flutter_jl_ota_example  I  [onReceiveDeviceData] >>> handleAuthData 
2025-08-01 09:23:26.430 29904-29904 ota:RcspAuth            com...urpals.flutter_jl_ota_example  D  [handleAuthData] >>> device : name : BF_AT-2_3891 ,type : 2 ,address : 38:91:65:21:3A:31, data : 0270617373
2025-08-01 09:23:26.439 29904-29904 ota:RcspAuth            com...urpals.flutter_jl_ota_example  W  [onAuthSuccess] >>> device = name : BF_AT-2_3891 ,type : 2 ,address : 38:91:65:21:3A:31,  auth ok.
2025-08-01 09:23:26.449 29904-29904 ota:RcspAuth            com...urpals.flutter_jl_ota_example  W  [handleAuthData] >>> device : name : BF_AT-2_3891 ,type : 2 ,address : 38:91:65:21:3A:31, auth ok.
2025-08-01 09:23:26.453 29904-29904 OtaManager              com...urpals.flutter_jl_ota_example  D  getConnectedDevice: 38:91:65:21:3A:31
2025-08-01 09:23:26.459 29904-29904 ota:OtaManager          com...urpals.flutter_jl_ota_example  W  [onAuthSuccess] >>> device[name : BF_AT-2_3891 ,type : 2 ,address : 38:91:65:21:3A:31] auth ok, isBleConnected = true
2025-08-01 09:23:26.464 29904-29904 ota:OtaManager          com...urpals.flutter_jl_ota_example  D  [startChangeMtu] >>> requestBleMtu : false
2025-08-01 09:23:26.473 29904-29904 ota:OtaManager          com...urpals.flutter_jl_ota_example  D  [handleConnectedEvent] >>> device : name : BF_AT-2_3891 ,type : 2 ,address : 38:91:65:21:3A:31, way = 0
2025-08-01 09:23:26.477 29904-29904 ota:OtaManager          com...urpals.flutter_jl_ota_example  D  [getDeviceInfoWithConnection] >>> ---->
2025-08-01 09:23:26.480 29904-29904 OtaManager              com...urpals.flutter_jl_ota_example  D  getConnectedDevice: 38:91:65:21:3A:31
2025-08-01 09:23:26.482 29904-29904 ota:OtaManager          com...urpals.flutter_jl_ota_example  D  [sendRcspCommand] >>> addSendData :: cmdType : 1, DataInfo{type=0, recvData=, basePacket=BasePacket{type=1, hasResponse=1, unused=0, opCode=3, paramLen=6, status=0, opCodeSn=224, xmOpCode=0, paramData=FFFFFFFF00}, timeoutMs=3000, callback=com.jieli.jl_bt_ota.tool.CmdResultCallback@bd826dd, device=38:91:65:21:3A:31, reSendCount=0, isSend=false, sendTime=0}
2025-08-01 09:23:26.486 29904-31840 ota:SendBleDataThread   com...urpals.flutter_jl_ota_example  D  addSendTask : 503
2025-08-01 09:23:26.490 29904-31840 ota:DataHandlerModify   com...urpals.flutter_jl_ota_example  I  [sendData] >>> true
2025-08-01 09:23:26.494 29904-31837 ota:BleManager          com...urpals.flutter_jl_ota_example  D  [writeDataByBle] >>> true, data = FEDCBAC0030006E0FFFFFFFF00EF
2025-08-01 09:23:26.502 29904-29922 ota:BleManager          com...urpals.flutter_jl_ota_example  D  onCharacteristicWrite : device : name : BF_AT-2_3891 ,type : 2 ,address : 38:91:65:21:3A:31, serviceUuid = 0000ae00-0000-1000-8000-00805f9b34fb, characteristicUuid = 0000ae01-0000-1000-8000-00805f9b34fb, status = 0, 
                                                                                                    data : [FEDCBAC0030006E0FFFFFFFF00EF]
2025-08-01 09:23:26.506 29904-31837 ota:SendBleDataThread   com...urpals.flutter_jl_ota_example  D  data send ret :0
2025-08-01 09:23:26.510 29904-31837 OtaManager              com...urpals.flutter_jl_ota_example  D  sendDataToDevice result - device: 38:91:65:21:3A:31, success: true
2025-08-01 09:23:26.510 29904-31837 ota:SendBleDataThread   com...urpals.flutter_jl_ota_example  D  queue is empty, so waiting for data
2025-08-01 09:23:26.553 29904-29922 ota:BleManager          com...urpals.flutter_jl_ota_example  D  onCharacteristicChanged : deice : name : BF_AT-2_3891 ,type : 2 ,address : 38:91:65:21:3A:31, serviceUuid = 0000ae00-0000-1000-8000-00805f9b34fb, characteristicUuid = 0000ae02-0000-1000-8000-00805f9b34fb, 
                                                                                                    data : [FEDCBA0003004200E002002005010000006E081100389165213A3109023891659023C90E0006040000004E000205000307709103080001020900020A00020601050D0080021C021300EF]
2025-08-01 09:23:26.557 29904-29904 OtaManager              com...urpals.flutter_jl_ota_example  D  onBleDataNotification - device: 38:91:65:21:3A:31, data length: 74
2025-08-01 09:23:26.565 29904-29904 ota:OtaManager          com...urpals.flutter_jl_ota_example  D  [onReceiveDeviceData] >>> device : name : BF_AT-2_3891 ,type : 2 ,address : 38:91:65:21:3A:31, recv data : FEDCBA0003004200E002002005010000006E081100389165213A3109023891659023C90E0006040000004E000205000307709103080001020900020A00020601050D0080021C021300EF
2025-08-01 09:23:26.569 29904-31840 ota:RcspParser          com...urpals.flutter_jl_ota_example  I  [findPacketData] >>> mtu = 530
2025-08-01 09:23:26.571 29904-29904 ota:OtaManager          com...urpals.flutter_jl_ota_example  D  [onReceiveDeviceData] >>> addRecvData : DataInfo{type=1, recvData=FEDCBA0003004200E002002005010000006E081100389165213A3109023891659023C90E0006040000004E000205000307709103080001020900020A00020601050D0080021C021300EF, basePacket=null, timeoutMs=0, callback=null, device=38:91:65:21:3A:31, reSendCount=0, isSend=false, sendTime=0}
2025-08-01 09:23:26.573 29904-31840 ota:RcspParser          com...urpals.flutter_jl_ota_example  I  [findPacketData] >>> prefixIndex = 3, paramLen = 66
2025-08-01 09:23:26.577 29904-31840 ota:RcspParser          com...urpals.flutter_jl_ota_example  D  [parsePacketData] >>> packet type : 0, opCode : 3, sn :224
2025-08-01 09:23:26.581 29904-31840 ota:ParseHelper         com...urpals.flutter_jl_ota_example  D  [parseTargetInfo] >>> type= 0	 data=20
2025-08-01 09:23:26.584 29904-31840 ota:ParseHelper         com...urpals.flutter_jl_ota_example  D  [parseTargetInfo] >>> type= 1	 data=0000006E
2025-08-01 09:23:26.587 29904-31840 ota:ParseHelper         com...urpals.flutter_jl_ota_example  D  [parseTargetInfo] >>> type= 17	 data=00389165213A31
2025-08-01 09:23:26.589 29904-31840 ota:ParseHelper         com...urpals.flutter_jl_ota_example  D  [parseTargetInfo] >>> type= 2	 data=3891659023C90E00
2025-08-01 09:23:26.590 29904-31840 ota:ParseHelper         com...urpals.flutter_jl_ota_example  D  [parseTargetInfo] >>> type= 4	 data=0000004E00
2025-08-01 09:23:26.591 29904-31840 ota:ParseHelper         com...urpals.flutter_jl_ota_example  D  [parseTargetInfo] >>> type= 5	 data=00
2025-08-01 09:23:26.592 29904-31840 ota:ParseHelper         com...urpals.flutter_jl_ota_example  D  [parseTargetInfo] >>> type= 7	 data=7091
2025-08-01 09:23:26.593 29904-31840 ota:ParseHelper         com...urpals.flutter_jl_ota_example  D  [parseTargetInfo] >>> type= 8	 data=0001
2025-08-01 09:23:26.594 29904-31840 ota:ParseHelper         com...urpals.flutter_jl_ota_example  D  [parseTargetInfo] >>> type= 9	 data=00
2025-08-01 09:23:26.595 29904-31840 ota:ParseHelper         com...urpals.flutter_jl_ota_example  D  [parseTargetInfo] >>> type= 10	 data=00
2025-08-01 09:23:26.596 29904-31840 ota:ParseHelper         com...urpals.flutter_jl_ota_example  D  [parseTargetInfo] >>> type= 6	 data=01
2025-08-01 09:23:26.597 29904-31840 ota:ParseHelper         com...urpals.flutter_jl_ota_example  D  [parseTargetInfo] >>> type= 13	 data=0080021C
2025-08-01 09:23:26.598 29904-31840 ota:ParseHelper         com...urpals.flutter_jl_ota_example  D  [parseTargetInfo] >>> type= 19	 data=00
2025-08-01 09:23:26.599 29904-31840 ota:ParseHelper         com...urpals.flutter_jl_ota_example  I  [parseTargetInfo] >>> TargetInfoResponse{versionName='null', versionCode=0, protocolVersion='V_2.0', edrAddr='38:91:65:90:23:C9', edrStatus=0, edrProfile=14, bleAddr='38:91:65:21:3A:31', volume=0, maxVol=0, quantity=0, lowPowerLimit=30, functionMask=78, curFunction=0, sdkType=1, name='null', pid=0, vid=0, uid=0, mandatoryUpgradeFlag=0, requestOtaFlag=0, ubootVersionCode=28817, ubootVersionName='7.0.9.1', isSupportDoubleBackup=false, isNeedBootLoader=true, singleBackupOtaWay=0, allowConnectFlag=0, authKey='null', projectCode='null', customVersionMsg='null', bleOnly=false, isSupportMD5=false, isGameMode=false, expandMode=0, communicationMtu=540, receiveMtu=128} 
2025-08-01 09:23:26.600 29904-31840 ota:ParseHelper         com...urpals.flutter_jl_ota_example  D  [findPacketData] >>> data : FEDCBA0003004200E002002005010000006E081100389165213A3109023891659023C90E0006040000004E000205000307709103080001020900020A00020601050D0080021C021300EF
2025-08-01 09:23:26.601 29904-31840 ota:ParseHelper         com...urpals.flutter_jl_ota_example  I  [findPacketData] >>> prefixIndex = 3
2025-08-01 09:23:26.602 29904-31840 ota:ParseHelper         com...urpals.flutter_jl_ota_example  D  [parsePacketData] >>> packet type : 0, opCode : 3, sn :224
2025-08-01 09:23:26.603 29904-31840 ota:ParseHelper         com...urpals.flutter_jl_ota_example  D  [parseTargetInfo] >>> type= 0	 data=20
2025-08-01 09:23:26.604 29904-31840 ota:ParseHelper         com...urpals.flutter_jl_ota_example  D  [parseTargetInfo] >>> type= 1	 data=0000006E
2025-08-01 09:23:26.605 29904-31840 ota:ParseHelper         com...urpals.flutter_jl_ota_example  D  [parseTargetInfo] >>> type= 17	 data=00389165213A31
2025-08-01 09:23:26.606 29904-31840 ota:ParseHelper         com...urpals.flutter_jl_ota_example  D  [parseTargetInfo] >>> type= 2	 data=3891659023C90E00
2025-08-01 09:23:26.607 29904-31840 ota:ParseHelper         com...urpals.flutter_jl_ota_example  D  [parseTargetInfo] >>> type= 4	 data=0000004E00
2025-08-01 09:23:26.608 29904-31840 ota:ParseHelper         com...urpals.flutter_jl_ota_example  D  [parseTargetInfo] >>> type= 5	 data=00
2025-08-01 09:23:26.609 29904-31840 ota:ParseHelper         com...urpals.flutter_jl_ota_example  D  [parseTargetInfo] >>> type= 7	 data=7091
2025-08-01 09:23:26.609 29904-31840 ota:ParseHelper         com...urpals.flutter_jl_ota_example  D  [parseTargetInfo] >>> type= 8	 data=0001
2025-08-01 09:23:26.610 29904-31840 ota:ParseHelper         com...urpals.flutter_jl_ota_example  D  [parseTargetInfo] >>> type= 9	 data=00
2025-08-01 09:23:26.611 29904-31840 ota:ParseHelper         com...urpals.flutter_jl_ota_example  D  [parseTargetInfo] >>> type= 10	 data=00
2025-08-01 09:23:26.612 29904-31840 ota:ParseHelper         com...urpals.flutter_jl_ota_example  D  [parseTargetInfo] >>> type= 6	 data=01
2025-08-01 09:23:26.613 29904-31840 ota:ParseHelper         com...urpals.flutter_jl_ota_example  D  [parseTargetInfo] >>> type= 13	 data=0080021C
2025-08-01 09:23:26.614 29904-31840 ota:ParseHelper         com...urpals.flutter_jl_ota_example  D  [parseTargetInfo] >>> type= 19	 data=00
2025-08-01 09:23:26.615 29904-31840 ota:ParseHelper         com...urpals.flutter_jl_ota_example  I  [parseTargetInfo] >>> TargetInfoResponse{versionName='null', versionCode=0, protocolVersion='V_2.0', edrAddr='38:91:65:90:23:C9', edrStatus=0, edrProfile=14, bleAddr='38:91:65:21:3A:31', volume=0, maxVol=0, quantity=0, lowPowerLimit=30, functionMask=78, curFunction=0, sdkType=1, name='null', pid=0, vid=0, uid=0, mandatoryUpgradeFlag=0, requestOtaFlag=0, ubootVersionCode=28817, ubootVersionName='7.0.9.1', isSupportDoubleBackup=false, isNeedBootLoader=true, singleBackupOtaWay=0, allowConnectFlag=0, authKey='null', projectCode='null', customVersionMsg='null', bleOnly=false, isSupportMD5=false, isGameMode=false, expandMode=0, communicationMtu=540, receiveMtu=128} 
2025-08-01 09:23:26.616 29904-31840 ota:OtaManager          com...urpals.flutter_jl_ota_example  D  [receiveDataFromDevice] >>> CommandBase{OpCodeSn=224, opCode=3, name='GetTargetInfoCmd', type=2, status=0, param=GetTargetInfoParam{mask=-1}, response=TargetInfoResponse{versionName='null', versionCode=0, protocolVersion='V_2.0', edrAddr='38:91:65:90:23:C9', edrStatus=0, edrProfile=14, bleAddr='38:91:65:21:3A:31', volume=0, maxVol=0, quantity=0, lowPowerLimit=30, functionMask=78, curFunction=0, sdkType=1, name='null', pid=0, vid=0, uid=0, mandatoryUpgradeFlag=0, requestOtaFlag=0, ubootVersionCode=28817, ubootVersionName='7.0.9.1', isSupportDoubleBackup=false, isNeedBootLoader=true, singleBackupOtaWay=0, allowConnectFlag=0, authKey='null', projectCode='null', customVersionMsg='null', bleOnly=false, isSupportMD5=false, isGameMode=false, expandMode=0, communicationMtu=540, receiveMtu=128} }
2025-08-01 09:23:26.622 29904-29904 ota:OtaManager          com...urpals.flutter_jl_ota_example  I  [notifyConnectionStatus] >>> device : name : BF_AT-2_3891 ,type : 2 ,address : 38:91:65:21:3A:31, status : CONNECTION_OK(1)
2025-08-01 09:23:26.623 29904-29904 ota:OtaManager          com...urpals.flutter_jl_ota_example  I  [notifyConnectionStatus] >>> handle connected event.
2025-08-01 09:23:26.631 29904-29904 ota:OtaManager          com...urpals.flutter_jl_ota_example  I  [onConnection] >>> device : name : BF_AT-2_3891 ,type : 2 ,address : 38:91:65:21:3A:31, status : CONNECTION_OK(1), isOTA = false, isWaitingForUpdate = false
2025-08-01 09:23:26.633 29904-29904 ota:OtaManager          com...urpals.flutter_jl_ota_example  W  [onConnection] >>> connect success, isMandatoryUpgrade = false, isWaitingForUpdate = false
2025-08-01 09:23:26.634 29904-29904 FlutterJlOtaPlugin      com...urpals.flutter_jl_ota_example  E  start-> ota:38:91:65:21:3A:31,status==1
2025-08-01 09:23:26.634 29904-29904 FlutterJlOtaPlugin      com...urpals.flutter_jl_ota_example  I  Start to Set: /storage/emulated/0/Android/data/com.futurpals.flutter_jl_ota_example/cache/update.ufw
2025-08-01 09:23:26.634 29904-29904 OtaManager              com...urpals.flutter_jl_ota_example  D  getConnectedDevice: 38:91:65:21:3A:31
2025-08-01 09:23:26.635 29904-29904 OtaManager              com...urpals.flutter_jl_ota_example  D  getConnectedDevice: 38:91:65:21:3A:31
2025-08-01 09:23:26.635 29904-29904 ota:OtaManager          com...urpals.flutter_jl_ota_example  I  [callbackStartOTA] >>> 
2025-08-01 09:23:26.637 29904-29904 FlutterJlOtaPlugin      com...urpals.flutter_jl_ota_example  D  OTA started
2025-08-01 09:23:26.637 29904-29904 flutter                 com...urpals.flutter_jl_ota_example  I  OTA Progress: 0%, Status: STARTED
2025-08-01 09:23:26.640 29904-29904 OtaManager              com...urpals.flutter_jl_ota_example  D  getConnectedDevice: 38:91:65:21:3A:31
2025-08-01 09:23:26.641 29904-31842 ota:ReadFileThread      com...urpals.flutter_jl_ota_example  D  [ReadFileThread] >>> file path : /storage/emulated/0/Android/data/com.futurpals.flutter_jl_ota_example/cache/update.ufw
2025-08-01 09:23:26.641 29904-29904 ota:OtaManager          com...urpals.flutter_jl_ota_example  I  [queryMandatoryUpdate] >>> cache deviceInfo : TargetInfoResponse{versionName='null', versionCode=0, protocolVersion='V_2.0', edrAddr='38:91:65:90:23:C9', edrStatus=0, edrProfile=14, bleAddr='38:91:65:21:3A:31', volume=0, maxVol=0, quantity=0, lowPowerLimit=30, functionMask=78, curFunction=0, sdkType=1, name='null', pid=0, vid=0, uid=0, mandatoryUpgradeFlag=0, requestOtaFlag=0, ubootVersionCode=28817, ubootVersionName='7.0.9.1', isSupportDoubleBackup=false, isNeedBootLoader=true, singleBackupOtaWay=0, allowConnectFlag=0, authKey='null', projectCode='null', customVersionMsg='null', bleOnly=false, isSupportMD5=false, isGameMode=false, expandMode=0, communicationMtu=540, receiveMtu=128} 
2025-08-01 09:23:26.643 29904-29904 queryMandatoryUpdate    com...urpals.flutter_jl_ota_example  E  强制升级error->BaseError{code=0, subCode=0, opCode=0, message='{"code":0, "desc":"Success.", "sub_code":0, "message":"Device is connected."}'}
2025-08-01 09:23:26.657 29904-29904 ota:OtaManager          com...urpals.flutter_jl_ota_example  I  [ReadFileThread] >>> onSuccess, length = 1690560
2025-08-01 09:23:26.658 29904-29904 OtaManager              com...urpals.flutter_jl_ota_example  D  getConnectedDevice: 38:91:65:21:3A:31
2025-08-01 09:23:26.659 29904-29904 ota:OtaManager          com...urpals.flutter_jl_ota_example  D  [sendRcspCommand] >>> addSendData :: cmdType : 1, DataInfo{type=0, recvData=, basePacket=BasePacket{type=1, hasResponse=1, unused=0, opCode=225, paramLen=1, status=0, opCodeSn=225, xmOpCode=0, paramData=}, timeoutMs=3000, callback=com.jieli.jl_bt_ota.tool.CmdResultCallback@d4aee20, device=38:91:65:21:3A:31, reSendCount=0, isSend=false, sendTime=0}
2025-08-01 09:23:26.662 29904-31840 ota:SendBleDataThread   com...urpals.flutter_jl_ota_example  D  addSendTask : 503
2025-08-01 09:23:26.663 29904-31840 ota:DataHandlerModify   com...urpals.flutter_jl_ota_example  I  [sendData] >>> true
2025-08-01 09:23:26.669 29904-31837 ota:BleManager          com...urpals.flutter_jl_ota_example  D  [writeDataByBle] >>> true, data = FEDCBAC0E10001E1EF
2025-08-01 09:23:26.677 29904-29922 ota:BleManager          com...urpals.flutter_jl_ota_example  D  onCharacteristicWrite : device : name : BF_AT-2_3891 ,type : 2 ,address : 38:91:65:21:3A:31, serviceUuid = 0000ae00-0000-1000-8000-00805f9b34fb, characteristicUuid = 0000ae01-0000-1000-8000-00805f9b34fb, status = 0, 
                                                                                                    data : [FEDCBAC0E10001E1EF]
2025-08-01 09:23:26.679 29904-31837 ota:SendBleDataThread   com...urpals.flutter_jl_ota_example  D  data send ret :0
2025-08-01 09:23:26.680 29904-31837 OtaManager              com...urpals.flutter_jl_ota_example  D  sendDataToDevice result - device: 38:91:65:21:3A:31, success: true
2025-08-01 09:23:26.680 29904-31837 ota:SendBleDataThread   com...urpals.flutter_jl_ota_example  D  queue is empty, so waiting for data
2025-08-01 09:23:26.726 29904-29922 ota:BleManager          com...urpals.flutter_jl_ota_example  D  onCharacteristicChanged : deice : name : BF_AT-2_3891 ,type : 2 ,address : 38:91:65:21:3A:31, serviceUuid = 0000ae00-0000-1000-8000-00805f9b34fb, characteristicUuid = 0000ae02-0000-1000-8000-00805f9b34fb, 
                                                                                                    data : [FEDCBA00E1000800E1000000000000EF]
2025-08-01 09:23:26.730 29904-29904 OtaManager              com...urpals.flutter_jl_ota_example  D  onBleDataNotification - device: 38:91:65:21:3A:31, data length: 16
