2025-08-01 09:37:42.291  2154-2760  MIUIInput               system_server                        D  [MotionEvent] publisher action=0x0, 1263110273, channel '37e945b com.futurpals.flutter_jl_ota_example/com.futurpals.flutter_jl_ota_example.MainActivity (server)'
2025-08-01 09:37:42.341  2154-2760  MIUIInput               system_server                        D  [MotionEvent] publisher action=0x1, 1263110327, channel '37e945b com.futurpals.flutter_jl_ota_example/com.futurpals.flutter_jl_ota_example.MainActivity (server)'
2025-08-01 09:37:48.653  2154-2760  MIUIInput               system_server                        D  [MotionEvent] publisher action=0x0, 1263116637, channel '37e945b com.futurpals.flutter_jl_ota_example/com.futurpals.flutter_jl_ota_example.MainActivity (server)'
2025-08-01 09:37:48.711  2154-2760  MIUIInput               system_server                        D  [MotionEvent] publisher action=0x1, 1263116698, channel '37e945b com.futurpals.flutter_jl_ota_example/com.futurpals.flutter_jl_ota_example.MainActivity (server)'
2025-08-01 09:37:48.718 29904-29904 flutter                 com...urpals.flutter_jl_ota_example  I  flutter_ota_log => startOta 执行了
2025-08-01 09:37:48.780 29904-29904 flutter                 com...urpals.flutter_jl_ota_example  I  该文件bytes大小为 1690560
2025-08-01 09:37:48.790 29904-29904 BluetoothA2dp           com...urpals.flutter_jl_ota_example  D  Binding service...
2025-08-01 09:37:48.801 29904-29904 BluetoothHeadset        com...urpals.flutter_jl_ota_example  D  Binding service...
2025-08-01 09:37:48.807 29904-29904 ota:OtaManager          com...urpals.flutter_jl_ota_example  I  [init] >>> Lib version name = 1.10.0(10931)
2025-08-01 09:37:48.809 29904-29904 ota:OtaManager          com...urpals.flutter_jl_ota_example  D  [onInitResult] >>> result : true
2025-08-01 09:37:48.810 29904-29904 BleManager              com...urpals.flutter_jl_ota_example  E  mBluetoothLeScanner==android.bluetooth.le.BluetoothLeScanner@b1240a7
2025-08-01 09:37:48.810 29904-29904 BleManager              com...urpals.flutter_jl_ota_example  E  registerReceiver
2025-08-01 09:37:48.811 29904-29904 OtaManager              com...urpals.flutter_jl_ota_example  D  Initialized with mac: 38:91:65:21:3A:31, deviceName: 
2025-08-01 09:37:48.811 29904-29904 startLeScan             com...urpals.flutter_jl_ota_example  E  null == mBluetoothAdapter
2025-08-01 09:37:48.811 29904-29904 startLeScan             com...urpals.flutter_jl_ota_example  E  isBluetooth disEnable
2025-08-01 09:37:48.814 29904-29904 startLeScan             com...urpals.flutter_jl_ota_example  E  No connected BLE devices found.
2025-08-01 09:37:48.814 29904-29904 BluetoothAdapter        com...urpals.flutter_jl_ota_example  D  isLeEnabled(): ON
2025-08-01 09:37:48.816 29904-29921 BluetoothLeScanner      com...urpals.flutter_jl_ota_example  D  onScannerRegistered() - status=0 scannerId=10 mScannerId=0
2025-08-01 09:37:48.817  4281-4469  BtGatt.GattService      com.android.bluetooth                D  start scan with filters. callingPackage: com.futurpals.flutter_jl_ota_example
2025-08-01 09:37:48.820  2154-6325  AppOps                  system_server                        E  Bad call made by uid 1002. Package "com.futurpals.flutter_jl_ota_example" does not belong to uid 1002.
2025-08-01 09:37:48.822  4281-4408  BtGatt.ScanManager      com.android.bluetooth                D  track LE scan event: callerPackage = [com.futurpals.flutter_jl_ota_example], scanMode = [1], reportDelayMillis = [0], behavior = [1], scannerId = [10], duration = [0]
2025-08-01 09:37:48.822 29904-29904 startLeScan             com...urpals.flutter_jl_ota_example  E  mDiscoveredBleDevices +[]
2025-08-01 09:37:48.822 29904-29904 ota:startLeScan         com...urpals.flutter_jl_ota_example  I  startLeScan : true, timeout = 20000
2025-08-01 09:37:48.826 29904-29904 OtaManager              com...urpals.flutter_jl_ota_example  D  Started BLE scan with timeout: 20000ms
2025-08-01 09:37:48.826 29904-29904 ota:OtaManager          com...urpals.flutter_jl_ota_example  D  [configure] >>> BluetoothOTAConfigure{priority=0, isUseReconnect=true, isUseAuthDevice=true, bleIntervalMs=500, timeoutMs=3000, isUseJLServer=false, firmwareFilePath='', scanFilterData='null', mtu=500, isNeedChangeMtu=false, bleScanMode=0, firmwareFileData= 0, snGenerator=null, isPriorityCallbackOtaFinish=false}
2025-08-01 09:37:48.827 29904-29904 FlutterJlOtaPlugin      com...urpals.flutter_jl_ota_example  D  OtaManager initialized with mac: 38:91:65:21:3A:31
2025-08-01 09:37:48.835 29904-29904 BluetoothA2dp           com...urpals.flutter_jl_ota_example  D  Proxy object connected
2025-08-01 09:37:48.835 29904-29904 ota:OtaManager          com...urpals.flutter_jl_ota_example  I  [onServiceConnected] >>> profile : 2
2025-08-01 09:37:48.909 29904-29921 BluetoothHeadset        com...urpals.flutter_jl_ota_example  D  Proxy object connected
2025-08-01 09:37:48.909 29904-29904 ota:OtaManager          com...urpals.flutter_jl_ota_example  I  [onServiceConnected] >>> profile : 1
2025-08-01 09:37:48.971 29904-29904 ota:BleManager          com...urpals.flutter_jl_ota_example  D  notify device : name : BF_AT-2_3891 ,type : 2 ,address : 38:91:65:21:3A:31
2025-08-01 09:37:48.973 29904-29904 filterDevice            com...urpals.flutter_jl_ota_example  E  发现指定设备，进行连接！
2025-08-01 09:37:48.973 29904-29904 BleManager              com...urpals.flutter_jl_ota_example  E  重连 1
2025-08-01 09:37:48.973 29904-29904 BleManager              com...urpals.flutter_jl_ota_example  E  重连 2
2025-08-01 09:37:48.973 29904-29904 BleManager              com...urpals.flutter_jl_ota_example  E  重连 3
2025-08-01 09:37:48.973 29904-29904 BleManager              com...urpals.flutter_jl_ota_example  E  重连 4
2025-08-01 09:37:48.973 29904-29904 BluetoothAdapter        com...urpals.flutter_jl_ota_example  D  isLeEnabled(): ON
2025-08-01 09:37:48.975  4281-4408  BtGatt.ScanManager      com.android.bluetooth                D  track LE scan event: callerPackage = [com.futurpals.flutter_jl_ota_example], scanMode = [1], reportDelayMillis = [0], behavior = [2], scannerId = [10], duration = [153]
2025-08-01 09:37:48.978 29904-29904 BleManager              com...urpals.flutter_jl_ota_example  E  重连 5
2025-08-01 09:37:48.979 29904-29904 BluetoothGatt           com...urpals.flutter_jl_ota_example  D  connect() - device: 38:91:65:21:3A:31, auto: false, eattSupport: false
2025-08-01 09:37:48.979 29904-29904 BluetoothGatt           com...urpals.flutter_jl_ota_example  D  registerApp()
2025-08-01 09:37:48.979 29904-29904 BluetoothGatt           com...urpals.flutter_jl_ota_example  D  registerApp() - UUID=36b05ecc-b1d6-4969-99a3-89f5cb68bb89
2025-08-01 09:37:48.982 29904-29904 BleManager              com...urpals.flutter_jl_ota_example  E  gatt ==android.bluetooth.BluetoothGatt@6e70b6f
2025-08-01 09:37:48.982 29904-29904 BleManager              com...urpals.flutter_jl_ota_example  E  重连 6
2025-08-01 09:37:48.982 29904-29904 ota:BleManager          com...urpals.flutter_jl_ota_example  I  handleBleConnection >> device : 38:91:65:21:3A:31, status : 1
2025-08-01 09:37:48.983 29904-29904 ota:OtaManager          com...urpals.flutter_jl_ota_example  D  onBleConnection - device: 38:91:65:21:3A:31, status: 3
2025-08-01 09:37:48.990 29904-29904 ota:OtaManager          com...urpals.flutter_jl_ota_example  I  [onBtDeviceConnection] >>> device : name : BF_AT-2_3891 ,type : 2 ,address : 38:91:65:21:3A:31, CONNECTION_CONNECTING(3)
2025-08-01 09:37:48.991 29904-29904 OtaManager              com...urpals.flutter_jl_ota_example  D  getConnectedDevice: null
2025-08-01 09:37:48.997 29904-29904 ota:OtaManager          com...urpals.flutter_jl_ota_example  I  [notifyConnectionStatus] >>> device : name : BF_AT-2_3891 ,type : 2 ,address : 38:91:65:21:3A:31, status : CONNECTION_CONNECTING(3)
2025-08-01 09:37:49.005 29904-29904 ota:BleManager          com...urpals.flutter_jl_ota_example  D  connect start....name : BF_AT-2_3891 ,type : 2 ,address : 38:91:65:21:3A:31
2025-08-01 09:37:49.006 29904-29904 BleManager              com...urpals.flutter_jl_ota_example  E  重连 1
2025-08-01 09:37:49.006 29904-29904 BleManager              com...urpals.flutter_jl_ota_example  E  重连 2
2025-08-01 09:37:49.006 29904-29904 BleManager              com...urpals.flutter_jl_ota_example  E  重连 3
2025-08-01 09:37:49.006 29904-29904 ota:BleManager          com...urpals.flutter_jl_ota_example  E  BleDevice is connecting, please wait.
2025-08-01 09:37:49.074 29904-29921 BluetoothGatt           com...urpals.flutter_jl_ota_example  D  onClientRegistered() - status=0 clientIf=10
2025-08-01 09:37:49.389  4281-4336  BtGatt.GattService      com.android.bluetooth                D  bleAppName = com.futurpals.flutter_jl_ota_example#
2025-08-01 09:37:49.389 29904-29921 BluetoothGatt           com...urpals.flutter_jl_ota_example  D  onClientConnectionState() - status=0 clientIf=10 device=38:91:65:21:3A:31
2025-08-01 09:37:49.403  7306-8070  BluetoothEvent          com.miui.powerkeeper                 D  onChange ls=com.futurpals.flutter_jl_ota_example# uids:[10384]
2025-08-01 09:37:49.409 29904-29921 ota:BleManager          com...urpals.flutter_jl_ota_example  I  onConnectionStateChange : device : BF_AT-2_3891, status = 0, newState = 2.
2025-08-01 09:37:49.417 29904-29904 ota:BleManager          com...urpals.flutter_jl_ota_example  I  BaseBtAdapterReceiver: ACTION_ACL_CONNECTED, device : name : BF_AT-2_3891 ,type : 2 ,address : 38:91:65:21:3A:31
2025-08-01 09:37:49.417 29904-29921 BleManager              com...urpals.flutter_jl_ota_example  E  连接成功!!!!!!!!!!!!
2025-08-01 09:37:49.417 29904-29921 BluetoothGatt           com...urpals.flutter_jl_ota_example  D  discoverServices() - device: 38:91:65:21:3A:31
2025-08-01 09:37:49.422 29904-29921 ota:BleManager          com...urpals.flutter_jl_ota_example  D  onConnectionStateChange >> discoverServices : true
2025-08-01 09:37:49.427 29904-29921 ota:BleManager          com...urpals.flutter_jl_ota_example  I  putConnectedGattInMap >>>>>>>>>>>>> start
2025-08-01 09:37:49.431 29904-29921 ota:BleManager          com...urpals.flutter_jl_ota_example  D  putConnectedGattInMap >>>>>>>>>>>>> 38:91:65:21:3A:31
2025-08-01 09:37:49.434 29904-29921 ota:BleManager          com...urpals.flutter_jl_ota_example  I  putConnectedGattInMap >>>>>>>>>>>>> end
2025-08-01 09:37:49.662 29904-29921 BluetoothGatt           com...urpals.flutter_jl_ota_example  D  onConnectionUpdated() - Device=38:91:65:21:3A:31 interval=6 latency=0 timeout=500 status=0
2025-08-01 09:37:49.662 29904-29921 ota:BleManager          com...urpals.flutter_jl_ota_example  E  onConnectionUpdated >>> device : 38:91:65:21:3A:31, interval : 6, latency : 0, timeout : 500, status : 0
2025-08-01 09:37:49.922 29904-29921 BluetoothGatt           com...urpals.flutter_jl_ota_example  D  onSearchComplete() = Device=38:91:65:21:3A:31 Status=0
2025-08-01 09:37:49.940 29904-29921 ota:ble                 com...urpals.flutter_jl_ota_example  D  [[============================Bluetooth[name : BF_AT-2_3891 ,type : 2 ,address : 38:91:65:21:3A:31], Discovery Services status[0]=================================]]
2025-08-01 09:37:49.947 29904-29921 ota:ble                 com...urpals.flutter_jl_ota_example  D  [[======Service Size:4======================
2025-08-01 09:37:49.953 29904-29921 ota:ble                 com...urpals.flutter_jl_ota_example  D  [[======Service:00001800-0000-1000-8000-00805f9b34fb======================
2025-08-01 09:37:49.956 29904-29921 ota:ble                 com...urpals.flutter_jl_ota_example  D  [[[[=============characteristics Size:1======================
2025-08-01 09:37:49.961 29904-29921 ota:ble                 com...urpals.flutter_jl_ota_example  D  [[[[=============characteristic:00002a00-0000-1000-8000-00805f9b34fb,write type : 2======================
2025-08-01 09:37:49.965 29904-29921 ota:ble                 com...urpals.flutter_jl_ota_example  D  [[[[[[=============descriptors Size:0======================
2025-08-01 09:37:49.969 29904-29921 ota:ble                 com...urpals.flutter_jl_ota_example  D  [[======Service:0000ae60-0000-1000-8000-00805f9b34fb======================
2025-08-01 09:37:49.972 29904-29921 ota:ble                 com...urpals.flutter_jl_ota_example  D  [[[[=============characteristics Size:6======================
2025-08-01 09:37:49.975 29904-29921 ota:ble                 com...urpals.flutter_jl_ota_example  D  [[[[=============characteristic:0000ae01-0000-1000-8000-00805f9b34fb,write type : 1======================
2025-08-01 09:37:49.978 29904-29921 ota:ble                 com...urpals.flutter_jl_ota_example  D  [[[[[[=============descriptors Size:0======================
2025-08-01 09:37:49.981 29904-29921 ota:ble                 com...urpals.flutter_jl_ota_example  D  [[[[=============characteristic:0000ae02-0000-1000-8000-00805f9b34fb,write type : 2======================
2025-08-01 09:37:49.984 29904-29921 ota:ble                 com...urpals.flutter_jl_ota_example  D  [[[[[[=============descriptors Size:1======================
2025-08-01 09:37:49.987 29904-29921 ota:ble                 com...urpals.flutter_jl_ota_example  D  [[[[[[=============descriptor:00002902-0000-1000-8000-00805f9b34fb,permission:0
                                                                                                    value : ======================
2025-08-01 09:37:49.990 29904-29921 ota:ble                 com...urpals.flutter_jl_ota_example  D  [[[[=============characteristic:0000ae03-0000-1000-8000-00805f9b34fb,write type : 1======================
2025-08-01 09:37:49.993 29904-29921 ota:ble                 com...urpals.flutter_jl_ota_example  D  [[[[[[=============descriptors Size:0======================
2025-08-01 09:37:49.995 29904-29921 ota:ble                 com...urpals.flutter_jl_ota_example  D  [[[[=============characteristic:0000ae04-0000-1000-8000-00805f9b34fb,write type : 2======================
2025-08-01 09:37:49.997 29904-29921 ota:ble                 com...urpals.flutter_jl_ota_example  D  [[[[[[=============descriptors Size:1======================
2025-08-01 09:37:50.000 29904-29921 ota:ble                 com...urpals.flutter_jl_ota_example  D  [[[[[[=============descriptor:00002902-0000-1000-8000-00805f9b34fb,permission:0
                                                                                                    value : ======================
2025-08-01 09:37:50.003 29904-29921 ota:ble                 com...urpals.flutter_jl_ota_example  D  [[[[=============characteristic:0000ae05-0000-1000-8000-00805f9b34fb,write type : 2======================
2025-08-01 09:37:50.005 29904-29921 ota:ble                 com...urpals.flutter_jl_ota_example  D  [[[[[[=============descriptors Size:1======================
2025-08-01 09:37:50.007 29904-29921 ota:ble                 com...urpals.flutter_jl_ota_example  D  [[[[[[=============descriptor:00002902-0000-1000-8000-00805f9b34fb,permission:0
                                                                                                    value : ======================
2025-08-01 09:37:50.010 29904-29921 ota:ble                 com...urpals.flutter_jl_ota_example  D  [[[[=============characteristic:0000ae10-0000-1000-8000-00805f9b34fb,write type : 2======================
2025-08-01 09:37:50.011 29904-29921 ota:ble                 com...urpals.flutter_jl_ota_example  D  [[[[[[=============descriptors Size:0======================
2025-08-01 09:37:50.013 29904-29921 ota:ble                 com...urpals.flutter_jl_ota_example  D  [[======Service:0000ae6a-0000-1000-8000-00805f9b34fb======================
2025-08-01 09:37:50.014 29904-29921 ota:ble                 com...urpals.flutter_jl_ota_example  D  [[[[=============characteristics Size:2======================
2025-08-01 09:37:50.015 29904-29921 ota:ble                 com...urpals.flutter_jl_ota_example  D  [[[[=============characteristic:0000ae3b-0000-1000-8000-00805f9b34fb,write type : 1======================
2025-08-01 09:37:50.017 29904-29921 ota:ble                 com...urpals.flutter_jl_ota_example  D  [[[[[[=============descriptors Size:0======================
2025-08-01 09:37:50.018 29904-29921 ota:ble                 com...urpals.flutter_jl_ota_example  D  [[[[=============characteristic:0000ae3c-0000-1000-8000-00805f9b34fb,write type : 2======================
2025-08-01 09:37:50.020 29904-29921 ota:ble                 com...urpals.flutter_jl_ota_example  D  [[[[[[=============descriptors Size:1======================
2025-08-01 09:37:50.021 29904-29921 ota:ble                 com...urpals.flutter_jl_ota_example  D  [[[[[[=============descriptor:00002902-0000-1000-8000-00805f9b34fb,permission:0
                                                                                                    value : ======================
2025-08-01 09:37:50.022 29904-29921 ota:ble                 com...urpals.flutter_jl_ota_example  D  [[======Service:0000ae00-0000-1000-8000-00805f9b34fb======================
2025-08-01 09:37:50.024 29904-29921 ota:ble                 com...urpals.flutter_jl_ota_example  D  [[[[=============characteristics Size:2======================
2025-08-01 09:37:50.025 29904-29921 ota:ble                 com...urpals.flutter_jl_ota_example  D  [[[[=============characteristic:0000ae01-0000-1000-8000-00805f9b34fb,write type : 1======================
2025-08-01 09:37:50.026 29904-29921 ota:ble                 com...urpals.flutter_jl_ota_example  D  [[[[[[=============descriptors Size:0======================
2025-08-01 09:37:50.028 29904-29921 ota:ble                 com...urpals.flutter_jl_ota_example  D  [[[[=============characteristic:0000ae02-0000-1000-8000-00805f9b34fb,write type : 2======================
2025-08-01 09:37:50.029 29904-29921 ota:ble                 com...urpals.flutter_jl_ota_example  D  [[[[[[=============descriptors Size:1======================
2025-08-01 09:37:50.030 29904-29921 ota:ble                 com...urpals.flutter_jl_ota_example  D  [[[[[[=============descriptor:00002902-0000-1000-8000-00805f9b34fb,permission:0
                                                                                                    value : ======================
2025-08-01 09:37:50.041 29904-29921 ota:ble                 com...urpals.flutter_jl_ota_example  D  [[============================Bluetooth[name : BF_AT-2_3891 ,type : 2 ,address : 38:91:65:21:3A:31] Services show End=================================]]
2025-08-01 09:37:50.048 29904-29921 BleManager              com...urpals.flutter_jl_ota_example  E  onServicesDiscovered type = 2
2025-08-01 09:37:50.048 29904-29921 ota:BleManager          com...urpals.flutter_jl_ota_example  I  start NotifyCharacteristicRunnable...
2025-08-01 09:37:50.051 29904-29921 ota:BleManager          com...urpals.flutter_jl_ota_example  I  onServicesDiscovered : true
2025-08-01 09:37:50.053 29904-29904 BluetoothGatt           com...urpals.flutter_jl_ota_example  D  setCharacteristicNotification() - uuid: 0000ae02-0000-1000-8000-00805f9b34fb enable: true
2025-08-01 09:37:50.054 29904-29921 BluetoothGatt           com...urpals.flutter_jl_ota_example  D  onConnectionUpdated() - Device=38:91:65:21:3A:31 interval=24 latency=0 timeout=500 status=0
2025-08-01 09:37:50.054 29904-29921 ota:BleManager          com...urpals.flutter_jl_ota_example  E  onConnectionUpdated >>> device : 38:91:65:21:3A:31, interval : 24, latency : 0, timeout : 500, status : 0
2025-08-01 09:37:50.059 29904-29904 ota:BleManager          com...urpals.flutter_jl_ota_example  I  ..descriptor : .setValue  ret : true
2025-08-01 09:37:50.072 29904-29904 ota:BleManager          com...urpals.flutter_jl_ota_example  I  ..bluetoothGatt : .writeDescriptor  ret : true
2025-08-01 09:37:50.079 29904-29904 ota:BleManager          com...urpals.flutter_jl_ota_example  W  enableBLEDeviceNotification ret : true, serviceUUID : 0000ae00-0000-1000-8000-00805f9b34fb, characteristicUUID : 0000ae02-0000-1000-8000-00805f9b34fb
2025-08-01 09:37:50.085 29904-29904 ota:BleManager          com...urpals.flutter_jl_ota_example  W  enableBLEDeviceNotification ===> true, service uuid = 0000ae00-0000-1000-8000-00805f9b34fb, characteristic uuid = 0000ae02-0000-1000-8000-00805f9b34fb
2025-08-01 09:37:50.108 29904-29921 BleManager              com...urpals.flutter_jl_ota_example  E  onDescriptorWrite gatt=android.bluetooth.BluetoothGatt@6e70b6f,descriptor==android.bluetooth.BluetoothGattDescriptor@fbe8d05,status==0
2025-08-01 09:37:50.108 29904-29921 BleManager              com...urpals.flutter_jl_ota_example  E  onDescriptorWrite 1
2025-08-01 09:37:50.109 29904-29921 BleManager              com...urpals.flutter_jl_ota_example  E  onDescriptorWrite 2
2025-08-01 09:37:50.109 29904-29921 BleManager              com...urpals.flutter_jl_ota_example  E  onDescriptorWrite 3
2025-08-01 09:37:50.122 29904-29921 ota:BleManager          com...urpals.flutter_jl_ota_example  I  onDescriptorWrite : device : name : BF_AT-2_3891 ,type : 2 ,address : 38:91:65:21:3A:31, serviceUuid = 0000ae00-0000-1000-8000-00805f9b34fb, characteristicUuid = 0000ae02-0000-1000-8000-00805f9b34fb, descriptor = 00002902-0000-1000-8000-00805f9b34fb, status = 0
2025-08-01 09:37:50.129 29904-29921 BluetoothGatt           com...urpals.flutter_jl_ota_example  D  configureMTU() - device: 38:91:65:21:3A:31 mtu: 512
2025-08-01 09:37:50.134 29904-29921 ota:BleManager          com...urpals.flutter_jl_ota_example  D  -startChangeMtu- ret = true
2025-08-01 09:37:50.139 29904-29921 BleManager              com...urpals.flutter_jl_ota_example  E  run handleBleConnectedEvent 2
2025-08-01 09:37:50.198 29904-29921 BluetoothGatt           com...urpals.flutter_jl_ota_example  D  onConfigureMTU() - Device=38:91:65:21:3A:31 mtu=512 status=0
2025-08-01 09:37:50.214 29904-29921 ota:BleManager          com...urpals.flutter_jl_ota_example  D  onMtuChanged : device : name : BF_AT-2_3891 ,type : 2 ,address : 38:91:65:21:3A:31, mtu = 512, status = 0
2025-08-01 09:37:50.224 29904-29921 ota:BleManager          com...urpals.flutter_jl_ota_example  I  -onMtuChanged- handleBleConnectedEvent
2025-08-01 09:37:50.224 29904-29904 OtaManager              com...urpals.flutter_jl_ota_example  D  onBleDataBlockChanged - device: 38:91:65:21:3A:31, block: 512, status: 0
2025-08-01 09:37:50.224 29904-29904 OtaManager              com...urpals.flutter_jl_ota_example  D  getConnectedDevice: 38:91:65:21:3A:31
2025-08-01 09:37:50.225 29904-29904 OtaManager              com...urpals.flutter_jl_ota_example  D  getConnectedBluetoothGatt: available
2025-08-01 09:37:50.226 29904-29904 ota:OtaManager          com...urpals.flutter_jl_ota_example  E  [onMtuChanged] >>> bleMtu : 509
2025-08-01 09:37:50.232 29904-29921 BleManager              com...urpals.flutter_jl_ota_example  E  run handleBleConnectedEvent 3
2025-08-01 09:37:50.234 29904-29921 ota:BleManager          com...urpals.flutter_jl_ota_example  I  handleBleConnection >> device : 38:91:65:21:3A:31, status : 2
2025-08-01 09:37:50.236 29904-1173  ota:SendBleDataThread   com...urpals.flutter_jl_ota_example  D  send ble data thread is started.
2025-08-01 09:37:50.241 29904-1173  ota:SendBleDataThread   com...urpals.flutter_jl_ota_example  D  queue is empty, so waiting for data
2025-08-01 09:37:50.245 29904-29904 ota:OtaManager          com...urpals.flutter_jl_ota_example  I  [onBleDataBlockChanged] >>> device : name : BF_AT-2_3891 ,type : 2 ,address : 38:91:65:21:3A:31, block : 509, status : 0
2025-08-01 09:37:50.250 29904-29904 ota:OtaManager          com...urpals.flutter_jl_ota_example  D  onBleConnection - device: 38:91:65:21:3A:31, status: 1
2025-08-01 09:37:50.260 29904-29904 ota:OtaManager          com...urpals.flutter_jl_ota_example  I  [onBtDeviceConnection] >>> device : name : BF_AT-2_3891 ,type : 2 ,address : 38:91:65:21:3A:31, CONNECTION_OK(1)
2025-08-01 09:37:50.275 29904-29904 ota:RcspAuth            com...urpals.flutter_jl_ota_example  I  [startAuth] >>> device = name : BF_AT-2_3891 ,type : 2 ,address : 38:91:65:21:3A:31
2025-08-01 09:37:50.278 29904-29904 ota:SendBleDataThread   com...urpals.flutter_jl_ota_example  D  addSendTask : 503
2025-08-01 09:37:50.288 29904-1173  ota:BleManager          com...urpals.flutter_jl_ota_example  D  [writeDataByBle] >>> true, data = 008044F0B8C9519BB8DA4F6DC9527F8F41
2025-08-01 09:37:50.294 29904-29904 ota:RcspAuth            com...urpals.flutter_jl_ota_example  I  [sendAuthDataToDevice] >>> device : name : BF_AT-2_3891 ,type : 2 ,address : 38:91:65:21:3A:31, authData : 008044F0B8C9519BB8DA4F6DC9527F8F41
2025-08-01 09:37:50.296 29904-29904 OtaManager              com...urpals.flutter_jl_ota_example  D  OTA canStart updated: true
2025-08-01 09:37:50.305 29904-30047 ota:BleManager          com...urpals.flutter_jl_ota_example  D  onCharacteristicWrite : device : name : BF_AT-2_3891 ,type : 2 ,address : 38:91:65:21:3A:31, serviceUuid = 0000ae00-0000-1000-8000-00805f9b34fb, characteristicUuid = 0000ae01-0000-1000-8000-00805f9b34fb, status = 0, 
                                                                                                    data : [008044F0B8C9519BB8DA4F6DC9527F8F41]
2025-08-01 09:37:50.308 29904-1173  ota:SendBleDataThread   com...urpals.flutter_jl_ota_example  D  data send ret :0
2025-08-01 09:37:50.310 29904-1173  OtaManager              com...urpals.flutter_jl_ota_example  D  sendDataToDevice result - device: 38:91:65:21:3A:31, success: true
2025-08-01 09:37:50.310 29904-1173  ota:SendBleDataThread   com...urpals.flutter_jl_ota_example  D  queue is empty, so waiting for data
2025-08-01 09:37:50.371 29904-30047 ota:BleManager          com...urpals.flutter_jl_ota_example  D  onCharacteristicChanged : deice : name : BF_AT-2_3891 ,type : 2 ,address : 38:91:65:21:3A:31, serviceUuid = 0000ae00-0000-1000-8000-00805f9b34fb, characteristicUuid = 0000ae02-0000-1000-8000-00805f9b34fb, 
                                                                                                    data : [01BC87703449D3F8CC853281EF3C1E3E1D]
2025-08-01 09:37:50.375 29904-29904 OtaManager              com...urpals.flutter_jl_ota_example  D  onBleDataNotification - device: 38:91:65:21:3A:31, data length: 17
2025-08-01 09:37:50.387 29904-29904 ota:OtaManager          com...urpals.flutter_jl_ota_example  D  [onReceiveDeviceData] >>> device : name : BF_AT-2_3891 ,type : 2 ,address : 38:91:65:21:3A:31, recv data : 01BC87703449D3F8CC853281EF3C1E3E1D
2025-08-01 09:37:50.390 29904-29904 ota:OtaManager          com...urpals.flutter_jl_ota_example  I  [onReceiveDeviceData] >>> handleAuthData 
2025-08-01 09:37:50.406 29904-29904 ota:RcspAuth            com...urpals.flutter_jl_ota_example  D  [handleAuthData] >>> device : name : BF_AT-2_3891 ,type : 2 ,address : 38:91:65:21:3A:31, data : 01BC87703449D3F8CC853281EF3C1E3E1D
2025-08-01 09:37:50.411 29904-29904 ota:SendBleDataThread   com...urpals.flutter_jl_ota_example  D  addSendTask : 503
2025-08-01 09:37:50.417 29904-30047 BluetoothGatt           com...urpals.flutter_jl_ota_example  D  onConnectionUpdated() - Device=38:91:65:21:3A:31 interval=16 latency=0 timeout=300 status=0
2025-08-01 09:37:50.417 29904-30047 ota:BleManager          com...urpals.flutter_jl_ota_example  E  onConnectionUpdated >>> device : 38:91:65:21:3A:31, interval : 16, latency : 0, timeout : 300, status : 0
2025-08-01 09:37:50.422 29904-1173  ota:BleManager          com...urpals.flutter_jl_ota_example  D  [writeDataByBle] >>> true, data = 0270617373
2025-08-01 09:37:50.427 29904-29904 ota:RcspAuth            com...urpals.flutter_jl_ota_example  I  [sendAuthDataToDevice] >>> device : name : BF_AT-2_3891 ,type : 2 ,address : 38:91:65:21:3A:31, authData : 0270617373
2025-08-01 09:37:50.433 29904-30083 ota:BleManager          com...urpals.flutter_jl_ota_example  D  onCharacteristicWrite : device : name : BF_AT-2_3891 ,type : 2 ,address : 38:91:65:21:3A:31, serviceUuid = 0000ae00-0000-1000-8000-00805f9b34fb, characteristicUuid = 0000ae01-0000-1000-8000-00805f9b34fb, status = 0, 
                                                                                                    data : [0270617373]
2025-08-01 09:37:50.437 29904-1173  ota:SendBleDataThread   com...urpals.flutter_jl_ota_example  D  data send ret :0
2025-08-01 09:37:50.440 29904-1173  OtaManager              com...urpals.flutter_jl_ota_example  D  sendDataToDevice result - device: 38:91:65:21:3A:31, success: true
2025-08-01 09:37:50.440 29904-1173  ota:SendBleDataThread   com...urpals.flutter_jl_ota_example  D  queue is empty, so waiting for data
2025-08-01 09:37:50.480 29904-30083 ota:BleManager          com...urpals.flutter_jl_ota_example  D  onCharacteristicChanged : deice : name : BF_AT-2_3891 ,type : 2 ,address : 38:91:65:21:3A:31, serviceUuid = 0000ae00-0000-1000-8000-00805f9b34fb, characteristicUuid = 0000ae02-0000-1000-8000-00805f9b34fb, 
                                                                                                    data : [004FC660A65222019026B286495EAAB745]
2025-08-01 09:37:50.487 29904-29904 OtaManager              com...urpals.flutter_jl_ota_example  D  onBleDataNotification - device: 38:91:65:21:3A:31, data length: 17
2025-08-01 09:37:50.497 29904-29904 ota:OtaManager          com...urpals.flutter_jl_ota_example  D  [onReceiveDeviceData] >>> device : name : BF_AT-2_3891 ,type : 2 ,address : 38:91:65:21:3A:31, recv data : 004FC660A65222019026B286495EAAB745
2025-08-01 09:37:50.504 29904-29904 ota:OtaManager          com...urpals.flutter_jl_ota_example  I  [onReceiveDeviceData] >>> handleAuthData 
2025-08-01 09:37:50.519 29904-29904 ota:RcspAuth            com...urpals.flutter_jl_ota_example  D  [handleAuthData] >>> device : name : BF_AT-2_3891 ,type : 2 ,address : 38:91:65:21:3A:31, data : 004FC660A65222019026B286495EAAB745
2025-08-01 09:37:50.523 29904-29904 ota:RcspAuth            com...urpals.flutter_jl_ota_example  I  [handleAuthData] >>> devAuthData : 01CB54CD50F7C3977C0DA2A1A62E076412
2025-08-01 09:37:50.525 29904-29904 ota:SendBleDataThread   com...urpals.flutter_jl_ota_example  D  addSendTask : 503
2025-08-01 09:37:50.534 29904-1173  ota:BleManager          com...urpals.flutter_jl_ota_example  D  [writeDataByBle] >>> true, data = 01CB54CD50F7C3977C0DA2A1A62E076412
2025-08-01 09:37:50.540 29904-29904 ota:RcspAuth            com...urpals.flutter_jl_ota_example  I  [sendAuthDataToDevice] >>> device : name : BF_AT-2_3891 ,type : 2 ,address : 38:91:65:21:3A:31, authData : 01CB54CD50F7C3977C0DA2A1A62E076412
2025-08-01 09:37:50.544 29904-30047 ota:BleManager          com...urpals.flutter_jl_ota_example  D  onCharacteristicWrite : device : name : BF_AT-2_3891 ,type : 2 ,address : 38:91:65:21:3A:31, serviceUuid = 0000ae00-0000-1000-8000-00805f9b34fb, characteristicUuid = 0000ae01-0000-1000-8000-00805f9b34fb, status = 0, 
                                                                                                    data : [01CB54CD50F7C3977C0DA2A1A62E076412]
2025-08-01 09:37:50.548 29904-1173  ota:SendBleDataThread   com...urpals.flutter_jl_ota_example  D  data send ret :0
2025-08-01 09:37:50.550 29904-1173  OtaManager              com...urpals.flutter_jl_ota_example  D  sendDataToDevice result - device: 38:91:65:21:3A:31, success: true
2025-08-01 09:37:50.551 29904-1173  ota:SendBleDataThread   com...urpals.flutter_jl_ota_example  D  queue is empty, so waiting for data
2025-08-01 09:37:50.601 29904-30047 ota:BleManager          com...urpals.flutter_jl_ota_example  D  onCharacteristicChanged : deice : name : BF_AT-2_3891 ,type : 2 ,address : 38:91:65:21:3A:31, serviceUuid = 0000ae00-0000-1000-8000-00805f9b34fb, characteristicUuid = 0000ae02-0000-1000-8000-00805f9b34fb, 
                                                                                                    data : [0270617373]
2025-08-01 09:37:50.609 29904-29904 OtaManager              com...urpals.flutter_jl_ota_example  D  onBleDataNotification - device: 38:91:65:21:3A:31, data length: 5
2025-08-01 09:37:50.622 29904-29904 ota:OtaManager          com...urpals.flutter_jl_ota_example  D  [onReceiveDeviceData] >>> device : name : BF_AT-2_3891 ,type : 2 ,address : 38:91:65:21:3A:31, recv data : 0270617373
2025-08-01 09:37:50.630 29904-29904 ota:OtaManager          com...urpals.flutter_jl_ota_example  I  [onReceiveDeviceData] >>> handleAuthData 
2025-08-01 09:37:50.646 29904-29904 ota:RcspAuth            com...urpals.flutter_jl_ota_example  D  [handleAuthData] >>> device : name : BF_AT-2_3891 ,type : 2 ,address : 38:91:65:21:3A:31, data : 0270617373
2025-08-01 09:37:50.660 29904-29904 ota:RcspAuth            com...urpals.flutter_jl_ota_example  W  [onAuthSuccess] >>> device = name : BF_AT-2_3891 ,type : 2 ,address : 38:91:65:21:3A:31,  auth ok.
2025-08-01 09:37:50.679 29904-29904 ota:RcspAuth            com...urpals.flutter_jl_ota_example  W  [handleAuthData] >>> device : name : BF_AT-2_3891 ,type : 2 ,address : 38:91:65:21:3A:31, auth ok.
2025-08-01 09:37:50.684 29904-29904 OtaManager              com...urpals.flutter_jl_ota_example  D  getConnectedDevice: 38:91:65:21:3A:31
2025-08-01 09:37:50.692 29904-29904 ota:OtaManager          com...urpals.flutter_jl_ota_example  W  [onAuthSuccess] >>> device[name : BF_AT-2_3891 ,type : 2 ,address : 38:91:65:21:3A:31] auth ok, isBleConnected = true
2025-08-01 09:37:50.696 29904-29904 ota:OtaManager          com...urpals.flutter_jl_ota_example  D  [startChangeMtu] >>> requestBleMtu : false
2025-08-01 09:37:50.706 29904-29904 ota:OtaManager          com...urpals.flutter_jl_ota_example  D  [handleConnectedEvent] >>> device : name : BF_AT-2_3891 ,type : 2 ,address : 38:91:65:21:3A:31, way = 0
2025-08-01 09:37:50.709 29904-29904 ota:OtaManager          com...urpals.flutter_jl_ota_example  D  [getDeviceInfoWithConnection] >>> ---->
2025-08-01 09:37:50.712 29904-29904 OtaManager              com...urpals.flutter_jl_ota_example  D  getConnectedDevice: 38:91:65:21:3A:31
2025-08-01 09:37:50.714 29904-29904 ota:OtaManager          com...urpals.flutter_jl_ota_example  D  [sendRcspCommand] >>> addSendData :: cmdType : 1, DataInfo{type=0, recvData=, basePacket=BasePacket{type=1, hasResponse=1, unused=0, opCode=3, paramLen=6, status=0, opCodeSn=6, xmOpCode=0, paramData=FFFFFFFF00}, timeoutMs=3000, callback=com.jieli.jl_bt_ota.tool.CmdResultCallback@9f7c15a, device=38:91:65:21:3A:31, reSendCount=0, isSend=false, sendTime=0}
2025-08-01 09:37:50.718 29904-1203  ota:SendBleDataThread   com...urpals.flutter_jl_ota_example  D  addSendTask : 503
2025-08-01 09:37:50.722 29904-1203  ota:DataHandlerModify   com...urpals.flutter_jl_ota_example  I  [sendData] >>> true
2025-08-01 09:37:50.725 29904-1173  ota:BleManager          com...urpals.flutter_jl_ota_example  D  [writeDataByBle] >>> true, data = FEDCBAC003000606FFFFFFFF00EF
2025-08-01 09:37:50.733 29904-30047 ota:BleManager          com...urpals.flutter_jl_ota_example  D  onCharacteristicWrite : device : name : BF_AT-2_3891 ,type : 2 ,address : 38:91:65:21:3A:31, serviceUuid = 0000ae00-0000-1000-8000-00805f9b34fb, characteristicUuid = 0000ae01-0000-1000-8000-00805f9b34fb, status = 0, 
                                                                                                    data : [FEDCBAC003000606FFFFFFFF00EF]
2025-08-01 09:37:50.735 29904-1173  ota:SendBleDataThread   com...urpals.flutter_jl_ota_example  D  data send ret :0
2025-08-01 09:37:50.738 29904-1173  OtaManager              com...urpals.flutter_jl_ota_example  D  sendDataToDevice result - device: 38:91:65:21:3A:31, success: true
2025-08-01 09:37:50.738 29904-1173  ota:SendBleDataThread   com...urpals.flutter_jl_ota_example  D  queue is empty, so waiting for data
2025-08-01 09:37:50.777 29904-30047 ota:BleManager          com...urpals.flutter_jl_ota_example  D  onCharacteristicChanged : deice : name : BF_AT-2_3891 ,type : 2 ,address : 38:91:65:21:3A:31, serviceUuid = 0000ae00-0000-1000-8000-00805f9b34fb, characteristicUuid = 0000ae02-0000-1000-8000-00805f9b34fb, 
                                                                                                    data : [FEDCBA000300420006020020050100000000081100389165213A3109023891659023C90E0006040000004E000205000307709103080001020900020A00020601050D0080021C021300EF]
2025-08-01 09:37:50.780 29904-29904 OtaManager              com...urpals.flutter_jl_ota_example  D  onBleDataNotification - device: 38:91:65:21:3A:31, data length: 74
2025-08-01 09:37:50.789 29904-29904 ota:OtaManager          com...urpals.flutter_jl_ota_example  D  [onReceiveDeviceData] >>> device : name : BF_AT-2_3891 ,type : 2 ,address : 38:91:65:21:3A:31, recv data : FEDCBA000300420006020020050100000000081100389165213A3109023891659023C90E0006040000004E000205000307709103080001020900020A00020601050D0080021C021300EF
2025-08-01 09:37:50.793 29904-1203  ota:RcspParser          com...urpals.flutter_jl_ota_example  I  [findPacketData] >>> mtu = 530
2025-08-01 09:37:50.795 29904-29904 ota:OtaManager          com...urpals.flutter_jl_ota_example  D  [onReceiveDeviceData] >>> addRecvData : DataInfo{type=1, recvData=FEDCBA000300420006020020050100000000081100389165213A3109023891659023C90E0006040000004E000205000307709103080001020900020A00020601050D0080021C021300EF, basePacket=null, timeoutMs=0, callback=null, device=38:91:65:21:3A:31, reSendCount=0, isSend=false, sendTime=0}
2025-08-01 09:37:50.798 29904-1203  ota:RcspParser          com...urpals.flutter_jl_ota_example  I  [findPacketData] >>> prefixIndex = 3, paramLen = 66
2025-08-01 09:37:50.802 29904-1203  ota:RcspParser          com...urpals.flutter_jl_ota_example  D  [parsePacketData] >>> packet type : 0, opCode : 3, sn :6
2025-08-01 09:37:50.805 29904-1203  ota:ParseHelper         com...urpals.flutter_jl_ota_example  D  [parseTargetInfo] >>> type= 0	 data=20
2025-08-01 09:37:50.808 29904-1203  ota:ParseHelper         com...urpals.flutter_jl_ota_example  D  [parseTargetInfo] >>> type= 1	 data=00000000
2025-08-01 09:37:50.811 29904-1203  ota:ParseHelper         com...urpals.flutter_jl_ota_example  D  [parseTargetInfo] >>> type= 17	 data=00389165213A31
2025-08-01 09:37:50.814 29904-1203  ota:ParseHelper         com...urpals.flutter_jl_ota_example  D  [parseTargetInfo] >>> type= 2	 data=3891659023C90E00
2025-08-01 09:37:50.817 29904-1203  ota:ParseHelper         com...urpals.flutter_jl_ota_example  D  [parseTargetInfo] >>> type= 4	 data=0000004E00
2025-08-01 09:37:50.820 29904-1203  ota:ParseHelper         com...urpals.flutter_jl_ota_example  D  [parseTargetInfo] >>> type= 5	 data=00
2025-08-01 09:37:50.822 29904-1203  ota:ParseHelper         com...urpals.flutter_jl_ota_example  D  [parseTargetInfo] >>> type= 7	 data=7091
2025-08-01 09:37:50.825 29904-1203  ota:ParseHelper         com...urpals.flutter_jl_ota_example  D  [parseTargetInfo] >>> type= 8	 data=0001
2025-08-01 09:37:50.828 29904-1203  ota:ParseHelper         com...urpals.flutter_jl_ota_example  D  [parseTargetInfo] >>> type= 9	 data=00
2025-08-01 09:37:50.829 29904-1203  ota:ParseHelper         com...urpals.flutter_jl_ota_example  D  [parseTargetInfo] >>> type= 10	 data=00
2025-08-01 09:37:50.830 29904-1203  ota:ParseHelper         com...urpals.flutter_jl_ota_example  D  [parseTargetInfo] >>> type= 6	 data=01
2025-08-01 09:37:50.831 29904-1203  ota:ParseHelper         com...urpals.flutter_jl_ota_example  D  [parseTargetInfo] >>> type= 13	 data=0080021C
2025-08-01 09:37:50.832 29904-1203  ota:ParseHelper         com...urpals.flutter_jl_ota_example  D  [parseTargetInfo] >>> type= 19	 data=00
2025-08-01 09:37:50.833 29904-1203  ota:ParseHelper         com...urpals.flutter_jl_ota_example  I  [parseTargetInfo] >>> TargetInfoResponse{versionName='null', versionCode=0, protocolVersion='V_2.0', edrAddr='38:91:65:90:23:C9', edrStatus=0, edrProfile=14, bleAddr='38:91:65:21:3A:31', volume=0, maxVol=0, quantity=0, lowPowerLimit=30, functionMask=78, curFunction=0, sdkType=1, name='null', pid=0, vid=0, uid=0, mandatoryUpgradeFlag=0, requestOtaFlag=0, ubootVersionCode=28817, ubootVersionName='7.0.9.1', isSupportDoubleBackup=false, isNeedBootLoader=true, singleBackupOtaWay=0, allowConnectFlag=0, authKey='null', projectCode='null', customVersionMsg='null', bleOnly=false, isSupportMD5=false, isGameMode=false, expandMode=0, communicationMtu=540, receiveMtu=128} 
2025-08-01 09:37:50.835 29904-1203  ota:ParseHelper         com...urpals.flutter_jl_ota_example  D  [findPacketData] >>> data : FEDCBA000300420006020020050100000000081100389165213A3109023891659023C90E0006040000004E000205000307709103080001020900020A00020601050D0080021C021300EF
2025-08-01 09:37:50.836 29904-1203  ota:ParseHelper         com...urpals.flutter_jl_ota_example  I  [findPacketData] >>> prefixIndex = 3
2025-08-01 09:37:50.837 29904-1203  ota:ParseHelper         com...urpals.flutter_jl_ota_example  D  [parsePacketData] >>> packet type : 0, opCode : 3, sn :6
2025-08-01 09:37:50.838 29904-1203  ota:ParseHelper         com...urpals.flutter_jl_ota_example  D  [parseTargetInfo] >>> type= 0	 data=20
2025-08-01 09:37:50.839 29904-1203  ota:ParseHelper         com...urpals.flutter_jl_ota_example  D  [parseTargetInfo] >>> type= 1	 data=00000000
2025-08-01 09:37:50.839 29904-1203  ota:ParseHelper         com...urpals.flutter_jl_ota_example  D  [parseTargetInfo] >>> type= 17	 data=00389165213A31
2025-08-01 09:37:50.840 29904-1203  ota:ParseHelper         com...urpals.flutter_jl_ota_example  D  [parseTargetInfo] >>> type= 2	 data=3891659023C90E00
2025-08-01 09:37:50.841 29904-1203  ota:ParseHelper         com...urpals.flutter_jl_ota_example  D  [parseTargetInfo] >>> type= 4	 data=0000004E00
2025-08-01 09:37:50.842 29904-1203  ota:ParseHelper         com...urpals.flutter_jl_ota_example  D  [parseTargetInfo] >>> type= 5	 data=00
2025-08-01 09:37:50.843 29904-1203  ota:ParseHelper         com...urpals.flutter_jl_ota_example  D  [parseTargetInfo] >>> type= 7	 data=7091
2025-08-01 09:37:50.844 29904-1203  ota:ParseHelper         com...urpals.flutter_jl_ota_example  D  [parseTargetInfo] >>> type= 8	 data=0001
2025-08-01 09:37:50.845 29904-1203  ota:ParseHelper         com...urpals.flutter_jl_ota_example  D  [parseTargetInfo] >>> type= 9	 data=00
2025-08-01 09:37:50.846 29904-1203  ota:ParseHelper         com...urpals.flutter_jl_ota_example  D  [parseTargetInfo] >>> type= 10	 data=00
2025-08-01 09:37:50.847 29904-1203  ota:ParseHelper         com...urpals.flutter_jl_ota_example  D  [parseTargetInfo] >>> type= 6	 data=01
2025-08-01 09:37:50.847 29904-1203  ota:ParseHelper         com...urpals.flutter_jl_ota_example  D  [parseTargetInfo] >>> type= 13	 data=0080021C
2025-08-01 09:37:50.848 29904-1203  ota:ParseHelper         com...urpals.flutter_jl_ota_example  D  [parseTargetInfo] >>> type= 19	 data=00
2025-08-01 09:37:50.849 29904-1203  ota:ParseHelper         com...urpals.flutter_jl_ota_example  I  [parseTargetInfo] >>> TargetInfoResponse{versionName='null', versionCode=0, protocolVersion='V_2.0', edrAddr='38:91:65:90:23:C9', edrStatus=0, edrProfile=14, bleAddr='38:91:65:21:3A:31', volume=0, maxVol=0, quantity=0, lowPowerLimit=30, functionMask=78, curFunction=0, sdkType=1, name='null', pid=0, vid=0, uid=0, mandatoryUpgradeFlag=0, requestOtaFlag=0, ubootVersionCode=28817, ubootVersionName='7.0.9.1', isSupportDoubleBackup=false, isNeedBootLoader=true, singleBackupOtaWay=0, allowConnectFlag=0, authKey='null', projectCode='null', customVersionMsg='null', bleOnly=false, isSupportMD5=false, isGameMode=false, expandMode=0, communicationMtu=540, receiveMtu=128} 
2025-08-01 09:37:50.850 29904-1203  ota:OtaManager          com...urpals.flutter_jl_ota_example  D  [receiveDataFromDevice] >>> CommandBase{OpCodeSn=6, opCode=3, name='GetTargetInfoCmd', type=2, status=0, param=GetTargetInfoParam{mask=-1}, response=TargetInfoResponse{versionName='null', versionCode=0, protocolVersion='V_2.0', edrAddr='38:91:65:90:23:C9', edrStatus=0, edrProfile=14, bleAddr='38:91:65:21:3A:31', volume=0, maxVol=0, quantity=0, lowPowerLimit=30, functionMask=78, curFunction=0, sdkType=1, name='null', pid=0, vid=0, uid=0, mandatoryUpgradeFlag=0, requestOtaFlag=0, ubootVersionCode=28817, ubootVersionName='7.0.9.1', isSupportDoubleBackup=false, isNeedBootLoader=true, singleBackupOtaWay=0, allowConnectFlag=0, authKey='null', projectCode='null', customVersionMsg='null', bleOnly=false, isSupportMD5=false, isGameMode=false, expandMode=0, communicationMtu=540, receiveMtu=128} }
2025-08-01 09:37:50.856 29904-29904 ota:OtaManager          com...urpals.flutter_jl_ota_example  I  [notifyConnectionStatus] >>> device : name : BF_AT-2_3891 ,type : 2 ,address : 38:91:65:21:3A:31, status : CONNECTION_OK(1)
2025-08-01 09:37:50.857 29904-29904 ota:OtaManager          com...urpals.flutter_jl_ota_example  I  [notifyConnectionStatus] >>> handle connected event.
2025-08-01 09:37:50.864 29904-29904 ota:OtaManager          com...urpals.flutter_jl_ota_example  I  [onConnection] >>> device : name : BF_AT-2_3891 ,type : 2 ,address : 38:91:65:21:3A:31, status : CONNECTION_OK(1), isOTA = false, isWaitingForUpdate = false
2025-08-01 09:37:50.865 29904-29904 ota:OtaManager          com...urpals.flutter_jl_ota_example  W  [onConnection] >>> connect success, isMandatoryUpgrade = false, isWaitingForUpdate = false
2025-08-01 09:37:50.866 29904-29904 FlutterJlOtaPlugin      com...urpals.flutter_jl_ota_example  E  start-> ota:38:91:65:21:3A:31,status==1
2025-08-01 09:37:50.866 29904-29904 OtaManager              com...urpals.flutter_jl_ota_example  D  getConnectedDevice: 38:91:65:21:3A:31
2025-08-01 09:37:50.867 29904-29904 ota:OtaManager          com...urpals.flutter_jl_ota_example  I  [queryMandatoryUpdate] >>> cache deviceInfo : TargetInfoResponse{versionName='null', versionCode=0, protocolVersion='V_2.0', edrAddr='38:91:65:90:23:C9', edrStatus=0, edrProfile=14, bleAddr='38:91:65:21:3A:31', volume=0, maxVol=0, quantity=0, lowPowerLimit=30, functionMask=78, curFunction=0, sdkType=1, name='null', pid=0, vid=0, uid=0, mandatoryUpgradeFlag=0, requestOtaFlag=0, ubootVersionCode=28817, ubootVersionName='7.0.9.1', isSupportDoubleBackup=false, isNeedBootLoader=true, singleBackupOtaWay=0, allowConnectFlag=0, authKey='null', projectCode='null', customVersionMsg='null', bleOnly=false, isSupportMD5=false, isGameMode=false, expandMode=0, communicationMtu=540, receiveMtu=128} 
2025-08-01 09:37:50.868 29904-29904 queryMandatoryUpdate    com...urpals.flutter_jl_ota_example  E  强制升级error->BaseError{code=0, subCode=0, opCode=0, message='{"code":0, "desc":"Success.", "sub_code":0, "message":"Device is connected."}'}
2025-08-01 09:37:56.158 29904-29904 ota:BleManager          com...urpals.flutter_jl_ota_example  I  -MSG_CHANGE_BLE_MTU_TIMEOUT- request mtu timeout, device : name : BF_AT-2_3891 ,type : 2 ,address : 38:91:65:21:3A:31, BleDevice{device=38:91:65:21:3A:31, reconnectLimit=1, connection=0, gatt=android.bluetooth.BluetoothGatt@6e70b6f, mtu=509, connectedTime=1754012269426, sendDataThread=Thread[SendBleDataThread,5,main], reconnectCount=0, isNeedReconnect=false}
2025-08-01 09:37:56.166 29904-29904 ota:BleManager          com...urpals.flutter_jl_ota_example  I  handleBleConnection >> device : 38:91:65:21:3A:31, status : 2
2025-08-01 09:37:56.174 29904-29904 ota:OtaManager          com...urpals.flutter_jl_ota_example  D  onBleConnection - device: 38:91:65:21:3A:31, status: 1
2025-08-01 09:37:56.192 29904-29904 ota:OtaManager          com...urpals.flutter_jl_ota_example  I  [onBtDeviceConnection] >>> device : name : BF_AT-2_3891 ,type : 2 ,address : 38:91:65:21:3A:31, CONNECTION_OK(1)
2025-08-01 09:37:56.197 29904-29904 OtaManager              com...urpals.flutter_jl_ota_example  D  getConnectedDevice: 38:91:65:21:3A:31
2025-08-01 09:37:56.198 29904-29904 ota:OtaManager          com...urpals.flutter_jl_ota_example  D  [startChangeMtu] >>> requestBleMtu : false
2025-08-01 09:37:56.212 29904-29904 ota:OtaManager          com...urpals.flutter_jl_ota_example  D  [handleConnectedEvent] >>> device : name : BF_AT-2_3891 ,type : 2 ,address : 38:91:65:21:3A:31, way = 0
2025-08-01 09:37:56.217 29904-29904 ota:OtaManager          com...urpals.flutter_jl_ota_example  D  [getDeviceInfoWithConnection] >>> ---->
2025-08-01 09:37:56.222 29904-29904 OtaManager              com...urpals.flutter_jl_ota_example  D  getConnectedDevice: 38:91:65:21:3A:31
2025-08-01 09:37:56.224 29904-29904 ota:OtaManager          com...urpals.flutter_jl_ota_example  D  [sendRcspCommand] >>> addSendData :: cmdType : 1, DataInfo{type=0, recvData=, basePacket=BasePacket{type=1, hasResponse=1, unused=0, opCode=3, paramLen=6, status=0, opCodeSn=7, xmOpCode=0, paramData=FFFFFFFF00}, timeoutMs=3000, callback=com.jieli.jl_bt_ota.tool.CmdResultCallback@102ef8b, device=38:91:65:21:3A:31, reSendCount=0, isSend=false, sendTime=0}
2025-08-01 09:37:56.229 29904-1203  ota:SendBleDataThread   com...urpals.flutter_jl_ota_example  D  addSendTask : 503
2025-08-01 09:37:56.232 29904-1203  ota:DataHandlerModify   com...urpals.flutter_jl_ota_example  I  [sendData] >>> true
2025-08-01 09:37:56.238 29904-1173  ota:BleManager          com...urpals.flutter_jl_ota_example  D  [writeDataByBle] >>> true, data = FEDCBAC003000607FFFFFFFF00EF
2025-08-01 09:37:56.246 29904-30083 ota:BleManager          com...urpals.flutter_jl_ota_example  D  onCharacteristicWrite : device : name : BF_AT-2_3891 ,type : 2 ,address : 38:91:65:21:3A:31, serviceUuid = 0000ae00-0000-1000-8000-00805f9b34fb, characteristicUuid = 0000ae01-0000-1000-8000-00805f9b34fb, status = 0, 
                                                                                                    data : [FEDCBAC003000607FFFFFFFF00EF]
2025-08-01 09:37:56.251 29904-1173  ota:SendBleDataThread   com...urpals.flutter_jl_ota_example  D  data send ret :0
2025-08-01 09:37:56.253 29904-1173  OtaManager              com...urpals.flutter_jl_ota_example  D  sendDataToDevice result - device: 38:91:65:21:3A:31, success: true
2025-08-01 09:37:56.254 29904-1173  ota:SendBleDataThread   com...urpals.flutter_jl_ota_example  D  queue is empty, so waiting for data
