2025-08-01 09:23:32.038 29904-29904 ota:BleManager          com...urpals.flutter_jl_ota_example  I  -MSG_CHANGE_BLE_MTU_TIMEOUT- request mtu timeout, device : name : BF_AT-2_3891 ,type : 2 ,address : 38:91:65:21:3A:31, BleDevice{device=38:91:65:21:3A:31, reconnectLimit=1, connection=0, gatt=android.bluetooth.BluetoothGatt@b45bfc6, mtu=509, connectedTime=1754011405297, sendDataThread=Thread[SendBleDataThread,5,main], reconnectCount=0, isNeedReconnect=false}
2025-08-01 09:23:32.040 29904-31837 ota:SendBleDataThread   com...urpals.flutter_jl_ota_example  D  data send ret :0
2025-08-01 09:23:32.040 29904-29904 ota:BleManager          com...urpals.flutter_jl_ota_example  I  handleBleConnection >> device : 38:91:65:21:3A:31, status : 2
2025-08-01 09:23:32.043 29904-31837 OtaManager              com...urpals.flutter_jl_ota_example  D  sendDataToDevice result - device: 38:91:65:21:3A:31, success: true
2025-08-01 09:23:32.043 29904-31837 ota:SendBleDataThread   com...urpals.flutter_jl_ota_example  D  queue is empty, so waiting for data
2025-08-01 09:23:32.043 29904-29904 ota:OtaManager          com...urpals.flutter_jl_ota_example  D  onBleConnection - device: 38:91:65:21:3A:31, status: 1
2025-08-01 09:23:32.054 29904-29904 ota:OtaManager          com...urpals.flutter_jl_ota_example  I  [onBtDeviceConnection] >>> device : name : BF_AT-2_3891 ,type : 2 ,address : 38:91:65:21:3A:31, CONNECTION_OK(1)
2025-08-01 09:23:32.056 29904-29904 OtaManager              com...urpals.flutter_jl_ota_example  D  getConnectedDevice: 38:91:65:21:3A:31
2025-08-01 09:23:32.056 29904-29904 ota:OtaManager          com...urpals.flutter_jl_ota_example  D  [startChangeMtu] >>> requestBleMtu : false
2025-08-01 09:23:32.065 29904-29904 ota:OtaManager          com...urpals.flutter_jl_ota_example  D  [handleConnectedEvent] >>> device : name : BF_AT-2_3891 ,type : 2 ,address : 38:91:65:21:3A:31, way = 0
2025-08-01 09:23:32.068 29904-29904 ota:OtaManager          com...urpals.flutter_jl_ota_example  D  [getDeviceInfoWithConnection] >>> ---->
2025-08-01 09:23:32.070 29904-29904 OtaManager              com...urpals.flutter_jl_ota_example  D  getConnectedDevice: 38:91:65:21:3A:31
2025-08-01 09:23:32.072 29904-29904 ota:OtaManager          com...urpals.flutter_jl_ota_example  D  [sendRcspCommand] >>> addSendData :: cmdType : 1, DataInfo{type=0, recvData=, basePacket=BasePacket{type=1, hasResponse=1, unused=0, opCode=3, paramLen=6, status=0, opCodeSn=227, xmOpCode=0, paramData=FFFFFFFF00}, timeoutMs=3000, callback=com.jieli.jl_bt_ota.tool.CmdResultCallback@b17019e, device=38:91:65:21:3A:31, reSendCount=0, isSend=false, sendTime=0}
2025-08-01 09:23:32.075 29904-31840 ota:SendBleDataThread   com...urpals.flutter_jl_ota_example  D  addSendTask : 503
2025-08-01 09:23:32.078 29904-31840 ota:DataHandlerModify   com...urpals.flutter_jl_ota_example  I  [sendData] >>> true
2025-08-01 09:23:32.085 29904-31837 ota:BleManager          com...urpals.flutter_jl_ota_example  D  [writeDataByBle] >>> true, data = FEDCBAC0030006E3FFFFFFFF00EF
2025-08-01 09:23:32.089 29904-30053 ota:BleManager          com...urpals.flutter_jl_ota_example  D  onCharacteristicChanged : deice : name : BF_AT-2_3891 ,type : 2 ,address : 38:91:65:21:3A:31, serviceUuid = 0000ae00-0000-1000-8000-00805f9b34fb, characteristicUuid = 0000ae02-0000-1000-8000-00805f9b34fb, 
                                                                                                    data : [FEDCBAC0E50007240007DFB60200EF]
2025-08-01 09:23:32.092 29904-29904 OtaManager              com...urpals.flutter_jl_ota_example  D  onBleDataNotification - device: 38:91:65:21:3A:31, data length: 15
2025-08-01 09:23:32.100 29904-29904 ota:OtaManager          com...urpals.flutter_jl_ota_example  D  [onReceiveDeviceData] >>> device : name : BF_AT-2_3891 ,type : 2 ,address : 38:91:65:21:3A:31, recv data : FEDCBAC0E50007240007DFB60200EF
2025-08-01 09:23:32.103 29904-29922 ota:BleManager          com...urpals.flutter_jl_ota_example  D  onCharacteristicWrite : device : name : BF_AT-2_3891 ,type : 2 ,address : 38:91:65:21:3A:31, serviceUuid = 0000ae00-0000-1000-8000-00805f9b34fb, characteristicUuid = 0000ae01-0000-1000-8000-00805f9b34fb, status = 0, 
                                                                                                    data : [FEDCBAC0030006E3FFFFFFFF00EF]
2025-08-01 09:23:32.107 29904-29904 ota:OtaManager          com...urpals.flutter_jl_ota_example  D  [onReceiveDeviceData] >>> addRecvData : DataInfo{type=1, recvData=FEDCBAC0E50007240007DFB60200EF, basePacket=null, timeoutMs=0, callback=null, device=38:91:65:21:3A:31, reSendCount=0, isSend=false, sendTime=0}
2025-08-01 09:23:32.108 29904-31840 ota:RcspParser          com...urpals.flutter_jl_ota_example  I  [findPacketData] >>> mtu = 128
2025-08-01 09:23:32.111 29904-31837 ota:SendBleDataThread   com...urpals.flutter_jl_ota_example  D  data send ret :0
2025-08-01 09:23:32.112 29904-31840 ota:RcspParser          com...urpals.flutter_jl_ota_example  I  [findPacketData] >>> prefixIndex = 3, paramLen = 7
2025-08-01 09:23:32.115 29904-31837 OtaManager              com...urpals.flutter_jl_ota_example  D  sendDataToDevice result - device: 38:91:65:21:3A:31, success: true
2025-08-01 09:23:32.115 29904-31837 ota:SendBleDataThread   com...urpals.flutter_jl_ota_example  D  queue is empty, so waiting for data
2025-08-01 09:23:32.117 29904-31840 ota:RcspParser          com...urpals.flutter_jl_ota_example  D  [parsePacketData] >>> packet type : 1, opCode : 229, sn :36
2025-08-01 09:23:32.121 29904-31840 ota:ParseHelper         com...urpals.flutter_jl_ota_example  D  [findPacketData] >>> data : FEDCBAC0E50007240007DFB60200EF
2025-08-01 09:23:32.124 29904-31840 ota:ParseHelper         com...urpals.flutter_jl_ota_example  I  [findPacketData] >>> prefixIndex = 3
2025-08-01 09:23:32.127 29904-31840 ota:ParseHelper         com...urpals.flutter_jl_ota_example  D  [parsePacketData] >>> packet type : 1, opCode : 229, sn :36
2025-08-01 09:23:32.130 29904-31840 ota:OtaManager          com...urpals.flutter_jl_ota_example  D  [receiveDataFromDevice] >>> CommandBase{OpCodeSn=36, opCode=229, name='FirmwareUpdateBlockCmd', type=2, status=0, param=FirmwareUpdateBlockParam{nextUpdateBlockOffsetAddr=516022, nextUpdateBlockLen=512}, response=null}
2025-08-01 09:23:32.132 29904-31840 ota:OtaManager          com...urpals.flutter_jl_ota_example  D  [callbackProgress] >>> type = 0, progress = 23.840395
2025-08-01 09:23:32.133 29904-29904 FlutterJlOtaPlugin      com...urpals.flutter_jl_ota_example  D  OTA progress: 23%, type: 0
2025-08-01 09:23:32.134 29904-31840 ota:OtaManager          com...urpals.flutter_jl_ota_example  I  [upgradeStep04] >>> read data, offset = 516022, length = 512, data len = 512
2025-08-01 09:23:32.134 29904-29904 flutter                 com...urpals.flutter_jl_ota_example  I  OTA Progress: 23%, Status: DOWNLOADING_LOADER
2025-08-01 09:23:32.135 29904-31840 OtaManager              com...urpals.flutter_jl_ota_example  D  getConnectedDevice: 38:91:65:21:3A:31
2025-08-01 09:23:32.141 29904-31840 ota:OtaManager          com...urpals.flutter_jl_ota_example  D  [sendRcspCommand] >>> addSendData :: cmdType : 0, DataInfo{type=0, recvData=, basePacket=BasePacket{type=0, hasResponse=0, unused=0, opCode=229, paramLen=514, status=0, opCodeSn=36, xmOpCode=0, paramData=E296251614D6012E88884220009F820732E11F4F8C07F03902FC0C0C02010428384021455400462781F88000412342E0040B349914F861A804F86E1684F81006384339423A413B4033B8A3F120288520A3E120143019412442F0030B8021348B6C01A0432040D68020521624924800A05C84C0FF605202005222C202F10638F4402042F0050B80214124248C4627A14D53EA006A00F106060B24844627A14553EA01001485422152EE0824C2E00CF003AD4046279159D0EC080546211055C000149B58002030024A08003E08B031E807C0412602E19C01A93E08F0002C50EE0C13422190E12311D0EC0D145C00C00B0B04968C8840344A204E20320FB095E67034412052D6862043C609B0F004920148412152EE04152E00F2010A0B85200486462742F00C0B852141242600F10F3CFF028A5604100491F808CAC0FF3CD402000260024330D60121C20000049A0824E00B5002F008ED18202B81D8ED1930D0EC1C0C50ED0122FFEAC9ED7704AA08F2114020055F5261516211E900825316D8EC3810B160536684E91430281E35E40064940CF16A00E17C7C621687EAA0F3C21F0246E8DD516000E17C0C87EA98F3401657047504021680EA4E5C20621018A062236183E906002416D8EC4850881E5018C0602066081EA066A0653504C0EA3D5C0161014402600242A1619260806080618000E904D8E8FFFFE29E483D80EAA75C}, timeoutMs=3000, callback=null, device=38:91:65:21:3A:31, reSendCount=0, isSend=false, sendTime=0}
2025-08-01 09:23:32.144 29904-31840 ota:SendBleDataThread   com...urpals.flutter_jl_ota_example  D  addSendTask : 503
2025-08-01 09:23:32.146 29904-31840 ota:DataHandlerModify   com...urpals.flutter_jl_ota_example  I  [sendData] >>> true
2025-08-01 09:23:32.155 29904-31840 ota:DataHandlerModify   com...urpals.flutter_jl_ota_example  D  [callbackCmd] >>> param is null. DataInfo{type=0, recvData=, basePacket=BasePacket{type=0, hasResponse=0, unused=0, opCode=229, paramLen=514, status=0, opCodeSn=256, xmOpCode=0, paramData=E296251614D6012E88884220009F820732E11F4F8C07F03902FC0C0C02010428384021455400462781F88000412342E0040B349914F861A804F86E1684F81006384339423A413B4033B8A3F120288520A3E120143019412442F0030B8021348B6C01A0432040D68020521624924800A05C84C0FF605202005222C202F10638F4402042F0050B80214124248C4627A14D53EA006A00F106060B24844627A14553EA01001485422152EE0824C2E00CF003AD4046279159D0EC080546211055C000149B58002030024A08003E08B031E807C0412602E19C01A93E08F0002C50EE0C13422190E12311D0EC0D145C00C00B0B04968C8840344A204E20320FB095E67034412052D6862043C609B0F004920148412152EE04152E00F2010A0B85200486462742F00C0B852141242600F10F3CFF028A5604100491F808CAC0FF3CD402000260024330D60121C20000049A0824E00B5002F008ED18202B81D8ED1930D0EC1C0C50ED0122FFEAC9ED7704AA08F2114020055F5261516211E900825316D8EC3810B160536684E91430281E35E40064940CF16A00E17C7C621687EAA0F3C21F0246E8DD516000E17C0C87EA98F3401657047504021680EA4E5C20621018A062236183E906002416D8EC4850881E5018C0602066081EA066A0653504C0EA3D5C0161014402600242A1619260806080618000E904D8E8FFFFE29E483D80EAA75C}, timeoutMs=3000, callback=null, device=38:91:65:21:3A:31, reSendCount=0, isSend=false, sendTime=1754011412143}
2025-08-01 09:23:32.162 29904-30053 ota:BleManager          com...urpals.flutter_jl_ota_example  D  onCharacteristicChanged : deice : name : BF_AT-2_3891 ,type : 2 ,address : 38:91:65:21:3A:31, serviceUuid = 0000ae00-0000-1000-8000-00805f9b34fb, characteristicUuid = 0000ae02-0000-1000-8000-00805f9b34fb, 
                                                                                                    data : [FEDCBA0003004200E3020020050100000000081100389165213A3109023891659023C90E0006040000004E000205000307709103080001020900020A00020601050D0080021C021300EF]
2025-08-01 09:23:32.163 29904-31837 ota:BleManager          com...urpals.flutter_jl_ota_example  D  [writeDataByBle] >>> true, data = FEDCBA00E502020024E296251614D6012E88884220009F820732E11F4F8C07F03902FC0C0C02010428384021455400462781F88000412342E0040B349914F861A804F86E1684F81006384339423A413B4033B8A3F120288520A3E120143019412442F0030B8021348B6C01A0432040D68020521624924800A05C84C0FF605202005222C202F10638F4402042F0050B80214124248C4627A14D53EA006A00F106060B24844627A14553EA01001485422152EE0824C2E00CF003AD4046279159D0EC080546211055C000149B58002030024A08003E08B031E807C0412602E19C01A93E08F0002C50EE0C13422190E12311D0EC0D145C00C00B0B04968C8840344A204E20320FB095E67034412052D6862043C609B0F004920148412152EE04152E00F2010A0B85200486462742F00C0B852141242600F10F3CFF028A5604100491F808CAC0FF3CD402000260024330D60121C20000049A0824E00B5002F008ED18202B81D8ED1930D0EC1C0C50ED0122FFEAC9ED7704AA08F2114020055F5261516211E900825316D8EC3810B160536684E91430281E35E40064940CF16A00E17C7C621687EAA0F3C21F0246E8DD516000E17C0C87EA98F3401657047504021680EA4E5C20621018A062236183E906002416D8EC4850881E5018C0602066081EA066A0653504C0EA3D5C0161014402600242A16192608060
2025-08-01 09:23:32.165 29904-29904 OtaManager              com...urpals.flutter_jl_ota_example  D  onBleDataNotification - device: 38:91:65:21:3A:31, data length: 74
2025-08-01 09:23:32.172 29904-29904 ota:OtaManager          com...urpals.flutter_jl_ota_example  D  [onReceiveDeviceData] >>> device : name : BF_AT-2_3891 ,type : 2 ,address : 38:91:65:21:3A:31, recv data : FEDCBA0003004200E3020020050100000000081100389165213A3109023891659023C90E0006040000004E000205000307709103080001020900020A00020601050D0080021C021300EF
2025-08-01 09:23:32.176 29904-29904 ota:OtaManager          com...urpals.flutter_jl_ota_example  D  [onReceiveDeviceData] >>> addRecvData : DataInfo{type=1, recvData=FEDCBA0003004200E3020020050100000000081100389165213A3109023891659023C90E0006040000004E000205000307709103080001020900020A00020601050D0080021C021300EF, basePacket=null, timeoutMs=0, callback=null, device=38:91:65:21:3A:31, reSendCount=0, isSend=false, sendTime=0}
2025-08-01 09:23:32.180 29904-31840 ota:RcspParser          com...urpals.flutter_jl_ota_example  I  [findPacketData] >>> mtu = 128
2025-08-01 09:23:32.180 29904-29922 ota:BleManager          com...urpals.flutter_jl_ota_example  D  onCharacteristicWrite : device : name : BF_AT-2_3891 ,type : 2 ,address : 38:91:65:21:3A:31, serviceUuid = 0000ae00-0000-1000-8000-00805f9b34fb, characteristicUuid = 0000ae01-0000-1000-8000-00805f9b34fb, status = 0, 
                                                                                                    data : [FEDCBA00E502020024E296251614D6012E88884220009F820732E11F4F8C07F03902FC0C0C02010428384021455400462781F88000412342E0040B349914F861A804F86E1684F81006384339423A413B4033B8A3F120288520A3E120143019412442F0030B8021348B6C01A0432040D68020521624924800A05C84C0FF605202005222C202F10638F4402042F0050B80214124248C4627A14D53EA006A00F106060B24844627A14553EA01001485422152EE0824C2E00CF003AD4046279159D0EC080546211055C000149B58002030024A08003E08B031E807C0412602E19C01A93E08F0002C50EE0C13422190E12311D0EC0D145C00C00B0B04968C8840344A204E20320FB095E67034412052D6862043C609B0F004920148412152EE04152E00F2010A0B85200486462742F00C0B852141242600F10F3CFF028A5604100491F808CAC0FF3CD402000260024330D60121C20000049A0824E00B5002F008ED18202B81D8ED1930D0EC1C0C50ED0122FFEAC9ED7704AA08F2114020055F5261516211E900825316D8EC3810B160536684E91430281E35E40064940CF16A00E17C7C621687EAA0F3C21F0246E8DD516000E17C0C87EA98F3401657047504021680EA4E5C20621018A062236183E906002416D8EC4850881E5018C0602066081EA066A0653504C0EA3D5C0161014402600242A16192608060]
2025-08-01 09:23:32.182 29904-31840 ota:RcspParser          com...urpals.flutter_jl_ota_example  I  [findPacketData] >>> prefixIndex = 3, paramLen = 66
2025-08-01 09:23:32.182 29904-31837 ota:SendBleDataThread   com...urpals.flutter_jl_ota_example  D  data send ret :0
2025-08-01 09:23:32.184 29904-31840 ota:RcspParser          com...urpals.flutter_jl_ota_example  D  [parsePacketData] >>> packet type : 0, opCode : 3, sn :227
2025-08-01 09:23:32.185 29904-31837 OtaManager              com...urpals.flutter_jl_ota_example  D  sendDataToDevice result - device: 38:91:65:21:3A:31, success: true
2025-08-01 09:23:32.186 29904-31840 ota:ParseHelper         com...urpals.flutter_jl_ota_example  D  [parseTargetInfo] >>> type= 0	 data=20
2025-08-01 09:23:32.187 29904-31840 ota:ParseHelper         com...urpals.flutter_jl_ota_example  D  [parseTargetInfo] >>> type= 1	 data=00000000
2025-08-01 09:23:32.188 29904-31837 ota:BleManager          com...urpals.flutter_jl_ota_example  D  [writeDataByBle] >>> true, data = 80618000E904D8E8FFFFE29E483D80EAA75CEF
2025-08-01 09:23:32.189 29904-31840 ota:ParseHelper         com...urpals.flutter_jl_ota_example  D  [parseTargetInfo] >>> type= 17	 data=00389165213A31
2025-08-01 09:23:32.191 29904-31840 ota:ParseHelper         com...urpals.flutter_jl_ota_example  D  [parseTargetInfo] >>> type= 2	 data=3891659023C90E00
2025-08-01 09:23:32.192 29904-31840 ota:ParseHelper         com...urpals.flutter_jl_ota_example  D  [parseTargetInfo] >>> type= 4	 data=0000004E00
2025-08-01 09:23:32.193 29904-31840 ota:ParseHelper         com...urpals.flutter_jl_ota_example  D  [parseTargetInfo] >>> type= 5	 data=00
2025-08-01 09:23:32.194 29904-31840 ota:ParseHelper         com...urpals.flutter_jl_ota_example  D  [parseTargetInfo] >>> type= 7	 data=7091
2025-08-01 09:23:32.195 29904-31840 ota:ParseHelper         com...urpals.flutter_jl_ota_example  D  [parseTargetInfo] >>> type= 8	 data=0001
2025-08-01 09:23:32.196 29904-29922 ota:BleManager          com...urpals.flutter_jl_ota_example  D  onCharacteristicWrite : device : name : BF_AT-2_3891 ,type : 2 ,address : 38:91:65:21:3A:31, serviceUuid = 0000ae00-0000-1000-8000-00805f9b34fb, characteristicUuid = 0000ae01-0000-1000-8000-00805f9b34fb, status = 0, 
                                                                                                    data : [80618000E904D8E8FFFFE29E483D80EAA75CEF]
2025-08-01 09:23:32.197 29904-31840 ota:ParseHelper         com...urpals.flutter_jl_ota_example  D  [parseTargetInfo] >>> type= 9	 data=00
2025-08-01 09:23:32.197 29904-31837 ota:SendBleDataThread   com...urpals.flutter_jl_ota_example  D  data send ret :0
2025-08-01 09:23:32.198 29904-31840 ota:ParseHelper         com...urpals.flutter_jl_ota_example  D  [parseTargetInfo] >>> type= 10	 data=00
2025-08-01 09:23:32.199 29904-31837 OtaManager              com...urpals.flutter_jl_ota_example  D  sendDataToDevice result - device: 38:91:65:21:3A:31, success: true
2025-08-01 09:23:32.199 29904-31837 ota:SendBleDataThread   com...urpals.flutter_jl_ota_example  D  queue is empty, so waiting for data
2025-08-01 09:23:32.200 29904-31840 ota:ParseHelper         com...urpals.flutter_jl_ota_example  D  [parseTargetInfo] >>> type= 6	 data=01
2025-08-01 09:23:32.201 29904-31840 ota:ParseHelper         com...urpals.flutter_jl_ota_example  D  [parseTargetInfo] >>> type= 13	 data=0080021C
2025-08-01 09:23:32.202 29904-31840 ota:ParseHelper         com...urpals.flutter_jl_ota_example  D  [parseTargetInfo] >>> type= 19	 data=00
2025-08-01 09:23:32.203 29904-31840 ota:ParseHelper         com...urpals.flutter_jl_ota_example  I  [parseTargetInfo] >>> TargetInfoResponse{versionName='null', versionCode=0, protocolVersion='V_2.0', edrAddr='38:91:65:90:23:C9', edrStatus=0, edrProfile=14, bleAddr='38:91:65:21:3A:31', volume=0, maxVol=0, quantity=0, lowPowerLimit=30, functionMask=78, curFunction=0, sdkType=1, name='null', pid=0, vid=0, uid=0, mandatoryUpgradeFlag=0, requestOtaFlag=0, ubootVersionCode=28817, ubootVersionName='7.0.9.1', isSupportDoubleBackup=false, isNeedBootLoader=true, singleBackupOtaWay=0, allowConnectFlag=0, authKey='null', projectCode='null', customVersionMsg='null', bleOnly=false, isSupportMD5=false, isGameMode=false, expandMode=0, communicationMtu=540, receiveMtu=128} 
2025-08-01 09:23:32.205 29904-31840 ota:ParseHelper         com...urpals.flutter_jl_ota_example  D  [findPacketData] >>> data : FEDCBA0003004200E3020020050100000000081100389165213A3109023891659023C90E0006040000004E000205000307709103080001020900020A00020601050D0080021C021300EF
2025-08-01 09:23:32.206 29904-31840 ota:ParseHelper         com...urpals.flutter_jl_ota_example  I  [findPacketData] >>> prefixIndex = 3
2025-08-01 09:23:32.207 29904-31840 ota:ParseHelper         com...urpals.flutter_jl_ota_example  D  [parsePacketData] >>> packet type : 0, opCode : 3, sn :227
2025-08-01 09:23:32.208 29904-31840 ota:ParseHelper         com...urpals.flutter_jl_ota_example  D  [parseTargetInfo] >>> type= 0	 data=20
2025-08-01 09:23:32.209 29904-31840 ota:ParseHelper         com...urpals.flutter_jl_ota_example  D  [parseTargetInfo] >>> type= 1	 data=00000000
2025-08-01 09:23:32.210 29904-31840 ota:ParseHelper         com...urpals.flutter_jl_ota_example  D  [parseTargetInfo] >>> type= 17	 data=00389165213A31
2025-08-01 09:23:32.211 29904-31840 ota:ParseHelper         com...urpals.flutter_jl_ota_example  D  [parseTargetInfo] >>> type= 2	 data=3891659023C90E00
2025-08-01 09:23:32.212 29904-31840 ota:ParseHelper         com...urpals.flutter_jl_ota_example  D  [parseTargetInfo] >>> type= 4	 data=0000004E00
2025-08-01 09:23:32.213 29904-31840 ota:ParseHelper         com...urpals.flutter_jl_ota_example  D  [parseTargetInfo] >>> type= 5	 data=00
2025-08-01 09:23:32.214 29904-31840 ota:ParseHelper         com...urpals.flutter_jl_ota_example  D  [parseTargetInfo] >>> type= 7	 data=7091
2025-08-01 09:23:32.215 29904-31840 ota:ParseHelper         com...urpals.flutter_jl_ota_example  D  [parseTargetInfo] >>> type= 8	 data=0001
2025-08-01 09:23:32.216 29904-31840 ota:ParseHelper         com...urpals.flutter_jl_ota_example  D  [parseTargetInfo] >>> type= 9	 data=00
2025-08-01 09:23:32.216 29904-31840 ota:ParseHelper         com...urpals.flutter_jl_ota_example  D  [parseTargetInfo] >>> type= 10	 data=00
2025-08-01 09:23:32.217 29904-31840 ota:ParseHelper         com...urpals.flutter_jl_ota_example  D  [parseTargetInfo] >>> type= 6	 data=01
2025-08-01 09:23:32.218 29904-31840 ota:ParseHelper         com...urpals.flutter_jl_ota_example  D  [parseTargetInfo] >>> type= 13	 data=0080021C
2025-08-01 09:23:32.219 29904-31840 ota:ParseHelper         com...urpals.flutter_jl_ota_example  D  [parseTargetInfo] >>> type= 19	 data=00
2025-08-01 09:23:32.220 29904-31840 ota:ParseHelper         com...urpals.flutter_jl_ota_example  I  [parseTargetInfo] >>> TargetInfoResponse{versionName='null', versionCode=0, protocolVersion='V_2.0', edrAddr='38:91:65:90:23:C9', edrStatus=0, edrProfile=14, bleAddr='38:91:65:21:3A:31', volume=0, maxVol=0, quantity=0, lowPowerLimit=30, functionMask=78, curFunction=0, sdkType=1, name='null', pid=0, vid=0, uid=0, mandatoryUpgradeFlag=0, requestOtaFlag=0, ubootVersionCode=28817, ubootVersionName='7.0.9.1', isSupportDoubleBackup=false, isNeedBootLoader=true, singleBackupOtaWay=0, allowConnectFlag=0, authKey='null', projectCode='null', customVersionMsg='null', bleOnly=false, isSupportMD5=false, isGameMode=false, expandMode=0, communicationMtu=540, receiveMtu=128} 
2025-08-01 09:23:32.221 29904-31840 ota:OtaManager          com...urpals.flutter_jl_ota_example  D  [receiveDataFromDevice] >>> CommandBase{OpCodeSn=227, opCode=3, name='GetTargetInfoCmd', type=2, status=0, param=GetTargetInfoParam{mask=-1}, response=TargetInfoResponse{versionName='null', versionCode=0, protocolVersion='V_2.0', edrAddr='38:91:65:90:23:C9', edrStatus=0, edrProfile=14, bleAddr='38:91:65:21:3A:31', volume=0, maxVol=0, quantity=0, lowPowerLimit=30, functionMask=78, curFunction=0, sdkType=1, name='null', pid=0, vid=0, uid=0, mandatoryUpgradeFlag=0, requestOtaFlag=0, ubootVersionCode=28817, ubootVersionName='7.0.9.1', isSupportDoubleBackup=false, isNeedBootLoader=true, singleBackupOtaWay=0, allowConnectFlag=0, authKey='null', projectCode='null', customVersionMsg='null', bleOnly=false, isSupportMD5=false, isGameMode=false, expandMode=0, communicationMtu=540, receiveMtu=128} }
2025-08-01 09:23:32.222 29904-29904 ota:OtaManager          com...urpals.flutter_jl_ota_example  D  [getDeviceInfoWithConnection] >>> The device is functioning properly. However, the cache status is currently being upgraded, so the upgrade call is complete.
2025-08-01 09:23:32.223 29904-29904 ota:OtaManager          com...urpals.flutter_jl_ota_example  I  [callbackStopOTA] >>> 
2025-08-01 09:23:32.224 29904-29904 FlutterJlOtaPlugin      com...urpals.flutter_jl_ota_example  D  OTA completed
2025-08-01 09:23:32.224 29904-29904 flutter                 com...urpals.flutter_jl_ota_example  I  OTA Progress: 100%, Status: COMPLETED
2025-08-01 09:23:32.225 29904-29904 ota:OtaManager          com...urpals.flutter_jl_ota_example  I  [release] >>> >>>>>>
2025-08-01 09:23:32.227 29904-29904 BluetoothA2dp           com...urpals.flutter_jl_ota_example  D  Unbinding service...
2025-08-01 09:23:32.229 29904-29904 BluetoothHeadset        com...urpals.flutter_jl_ota_example  D  doUnbind() in close()
2025-08-01 09:23:32.229 29904-29904 BluetoothHeadset        com...urpals.flutter_jl_ota_example  D  Unbinding service...
2025-08-01 09:23:32.230 29904-29922 BluetoothHeadset        com...urpals.flutter_jl_ota_example  D  Proxy object disconnected
2025-08-01 09:23:32.230 29904-29904 ota:OtaManager          com...urpals.flutter_jl_ota_example  W  [exitUpdateMode] >>> OTA process has exited.
2025-08-01 09:23:32.232 29904-29904 ota:Device...ectManager com...urpals.flutter_jl_ota_example  I  [stopReconnectTask] >>> isReconnecting : false, isWaitingForUpdate : false
2025-08-01 09:23:32.233 29904-29904 ota:Device...ectManager com...urpals.flutter_jl_ota_example  D  [stopScan] >>> ---->
2025-08-01 09:23:32.234 29904-29904 ota:OtaManager          com...urpals.flutter_jl_ota_example  W  [releaseDataHandler] >>> ---->
2025-08-01 09:23:32.235 29904-29904 ota:BleManager          com...urpals.flutter_jl_ota_example  W  >>>>>>>>>>>>>>BleManager destroy >>>>>>>>>>>>>>> 
2025-08-01 09:23:32.236 29904-29904 BleManager              com...urpals.flutter_jl_ota_example  E  unregisterReceiver
2025-08-01 09:23:32.237 29904-29904 BluetoothGatt           com...urpals.flutter_jl_ota_example  D  cancelOpen() - device: 38:91:65:21:3A:31
2025-08-01 09:23:32.239 29904-29904 BluetoothGatt           com...urpals.flutter_jl_ota_example  D  refresh() - device: 38:91:65:21:3A:31
2025-08-01 09:23:32.240 29904-29904 BluetoothGatt           com...urpals.flutter_jl_ota_example  D  close()
2025-08-01 09:23:32.240 29904-29904 BluetoothGatt           com...urpals.flutter_jl_ota_example  D  unregisterApp() - mClientIf=10
2025-08-01 09:23:32.242 29904-29904 OtaManager              com...urpals.flutter_jl_ota_example  D  Resources released
2025-08-01 09:23:32.246 29904-29904 ota:OtaManager          com...urpals.flutter_jl_ota_example  I  [notifyConnectionStatus] >>> device : name : BF_AT-2_3891 ,type : 2 ,address : 38:91:65:21:3A:31, status : CONNECTION_OK(1)
2025-08-01 09:23:32.247 29904-29904 ota:OtaManager          com...urpals.flutter_jl_ota_example  I  [notifyConnectionStatus] >>> handle connected event.
2025-08-01 09:23:32.266 29904-29904 ota:OtaManager          com...urpals.flutter_jl_ota_example  I  [onConnection] >>> device : name : BF_AT-2_3891 ,type : 2 ,address : 38:91:65:21:3A:31, status : CONNECTION_OK(1), isOTA = false, isWaitingForUpdate = false
2025-08-01 09:23:32.268 29904-29904 ota:OtaManager          com...urpals.flutter_jl_ota_example  W  [onConnection] >>> connect success, isMandatoryUpgrade = false, isWaitingForUpdate = false
